Component: ARM Compiler 5.06 update 5 (build 528) Tool: armlink [4d35e2]

==============================================================================

Section Cross References

    startup_stm32f10x_md.o(STACK) refers (Special) to heapauxi.o(.text) for __use_two_region_memory
    startup_stm32f10x_md.o(HEAP) refers (Special) to heapauxi.o(.text) for __use_two_region_memory
    startup_stm32f10x_md.o(RESET) refers (Special) to heapauxi.o(.text) for __use_two_region_memory
    startup_stm32f10x_md.o(RESET) refers to startup_stm32f10x_md.o(STACK) for __initial_sp
    startup_stm32f10x_md.o(RESET) refers to startup_stm32f10x_md.o(.text) for Reset_Handler
    startup_stm32f10x_md.o(RESET) refers to stm32f10x_it.o(i.NMI_Handler) for NMI_Handler
    startup_stm32f10x_md.o(RESET) refers to stm32f10x_it.o(i.HardFault_Handler) for HardFault_Handler
    startup_stm32f10x_md.o(RESET) refers to stm32f10x_it.o(i.MemManage_Handler) for MemManage_Handler
    startup_stm32f10x_md.o(RESET) refers to stm32f10x_it.o(i.BusFault_Handler) for BusFault_Handler
    startup_stm32f10x_md.o(RESET) refers to stm32f10x_it.o(i.UsageFault_Handler) for UsageFault_Handler
    startup_stm32f10x_md.o(RESET) refers to port.o(.emb_text) for SVC_Handler
    startup_stm32f10x_md.o(RESET) refers to stm32f10x_it.o(i.DebugMon_Handler) for DebugMon_Handler
    startup_stm32f10x_md.o(RESET) refers to port.o(i.SysTick_Handler) for SysTick_Handler
    startup_stm32f10x_md.o(RESET) refers to serial.o(i.USART1_IRQHandler) for USART1_IRQHandler
    startup_stm32f10x_md.o(RESET) refers to exit.o(i.EXTI15_10_IRQHandler) for EXTI15_10_IRQHandler
    startup_stm32f10x_md.o(.text) refers (Special) to heapauxi.o(.text) for __use_two_region_memory
    startup_stm32f10x_md.o(.text) refers to system_stm32f10x.o(i.SystemInit) for SystemInit
    startup_stm32f10x_md.o(.text) refers to __main.o(!!!main) for __main
    startup_stm32f10x_md.o(.text) refers to startup_stm32f10x_md.o(HEAP) for Heap_Mem
    startup_stm32f10x_md.o(.text) refers to startup_stm32f10x_md.o(STACK) for Stack_Mem
    system_stm32f10x.o(i.SetSysClock) refers to system_stm32f10x.o(i.SetSysClockTo72) for SetSysClockTo72
    system_stm32f10x.o(i.SystemCoreClockUpdate) refers to system_stm32f10x.o(.data) for SystemCoreClock
    system_stm32f10x.o(i.SystemInit) refers to system_stm32f10x.o(i.SetSysClock) for SetSysClock
    stm32f10x_adc.o(i.ADC_DeInit) refers to stm32f10x_rcc.o(i.RCC_APB2PeriphResetCmd) for RCC_APB2PeriphResetCmd
    stm32f10x_bkp.o(i.BKP_DeInit) refers to stm32f10x_rcc.o(i.RCC_BackupResetCmd) for RCC_BackupResetCmd
    stm32f10x_can.o(i.CAN_DeInit) refers to stm32f10x_rcc.o(i.RCC_APB1PeriphResetCmd) for RCC_APB1PeriphResetCmd
    stm32f10x_can.o(i.CAN_GetITStatus) refers to stm32f10x_can.o(i.CheckITStatus) for CheckITStatus
    stm32f10x_cec.o(i.CEC_DeInit) refers to stm32f10x_rcc.o(i.RCC_APB1PeriphResetCmd) for RCC_APB1PeriphResetCmd
    stm32f10x_dac.o(i.DAC_DeInit) refers to stm32f10x_rcc.o(i.RCC_APB1PeriphResetCmd) for RCC_APB1PeriphResetCmd
    stm32f10x_flash.o(i.FLASH_EnableWriteProtection) refers to stm32f10x_flash.o(i.FLASH_WaitForLastOperation) for FLASH_WaitForLastOperation
    stm32f10x_flash.o(i.FLASH_EraseAllBank1Pages) refers to stm32f10x_flash.o(i.FLASH_WaitForLastBank1Operation) for FLASH_WaitForLastBank1Operation
    stm32f10x_flash.o(i.FLASH_EraseAllPages) refers to stm32f10x_flash.o(i.FLASH_WaitForLastOperation) for FLASH_WaitForLastOperation
    stm32f10x_flash.o(i.FLASH_EraseOptionBytes) refers to stm32f10x_flash.o(i.FLASH_GetReadOutProtectionStatus) for FLASH_GetReadOutProtectionStatus
    stm32f10x_flash.o(i.FLASH_EraseOptionBytes) refers to stm32f10x_flash.o(i.FLASH_WaitForLastOperation) for FLASH_WaitForLastOperation
    stm32f10x_flash.o(i.FLASH_ErasePage) refers to stm32f10x_flash.o(i.FLASH_WaitForLastOperation) for FLASH_WaitForLastOperation
    stm32f10x_flash.o(i.FLASH_ProgramHalfWord) refers to stm32f10x_flash.o(i.FLASH_WaitForLastOperation) for FLASH_WaitForLastOperation
    stm32f10x_flash.o(i.FLASH_ProgramOptionByteData) refers to stm32f10x_flash.o(i.FLASH_WaitForLastOperation) for FLASH_WaitForLastOperation
    stm32f10x_flash.o(i.FLASH_ProgramWord) refers to stm32f10x_flash.o(i.FLASH_WaitForLastOperation) for FLASH_WaitForLastOperation
    stm32f10x_flash.o(i.FLASH_ReadOutProtection) refers to stm32f10x_flash.o(i.FLASH_WaitForLastOperation) for FLASH_WaitForLastOperation
    stm32f10x_flash.o(i.FLASH_UserOptionByteConfig) refers to stm32f10x_flash.o(i.FLASH_WaitForLastOperation) for FLASH_WaitForLastOperation
    stm32f10x_flash.o(i.FLASH_WaitForLastBank1Operation) refers to stm32f10x_flash.o(i.FLASH_GetBank1Status) for FLASH_GetBank1Status
    stm32f10x_flash.o(i.FLASH_WaitForLastOperation) refers to stm32f10x_flash.o(i.FLASH_GetBank1Status) for FLASH_GetBank1Status
    stm32f10x_gpio.o(i.GPIO_AFIODeInit) refers to stm32f10x_rcc.o(i.RCC_APB2PeriphResetCmd) for RCC_APB2PeriphResetCmd
[...]
    xDelayedTaskList1                        0x200043b0   Data          20  tasks.o(.bss)
    xDelayedTaskList2                        0x200043c4   Data          20  tasks.o(.bss)
    xPendingReadyList                        0x200043d8   Data          20  tasks.o(.bss)
    xTasksWaitingTermination                 0x200043ec   Data          20  tasks.o(.bss)
    xSuspendedTaskList                       0x20004400   Data          20  tasks.o(.bss)
    .bss                                     0x20004414   Section       40  timers.o(.bss)
    xActiveTimerList1                        0x20004414   Data          20  timers.o(.bss)
    xActiveTimerList2                        0x20004428   Data          20  timers.o(.bss)
    .bss                                     0x2000443c   Section     1024  oled.o(.bss)
    .bss                                     0x2000483c   Section       96  libspace.o(.bss)
    HEAP                                     0x200048a0   Section      512  startup_stm32f10x_md.o(HEAP)
    Heap_Mem                                 0x200048a0   Data         512  startup_stm32f10x_md.o(HEAP)
    STACK                                    0x20004aa0   Section     1024  startup_stm32f10x_md.o(STACK)
    Stack_Mem                                0x20004aa0   Data        1024  startup_stm32f10x_md.o(STACK)
    __initial_sp                             0x20004ea0   Data           0  startup_stm32f10x_md.o(STACK)

    Global Symbols

    Symbol Name                              Value     Ov Type        Size  Object(Section)

    BuildAttributes$$THM_ISAv4$P$D$K$B$S$PE$A:L22UL41UL21$X:L11$S22US41US21$IEEE1$IW$USESV6$~STKCKD$USESV7$~SHL$OTIME$ROPI$IEEEX$EBA8$UX$STANDARDLIB$REQ8$PRES8$EABIv2 0x00000000   Number         0  anon$$obj.o ABSOLUTE
    __ARM_use_no_argv                        0x00000000   Number         0  main.o ABSOLUTE
    _printf_flags                            0x00000000   Number         0  printf_stubs.o ABSOLUTE
    _printf_return_value                     0x00000000   Number         0  printf_stubs.o ABSOLUTE
    _printf_sizespec                         0x00000000   Number         0  printf_stubs.o ABSOLUTE
    _printf_widthprec                        0x00000000   Number         0  printf_stubs.o ABSOLUTE
    __ARM_exceptions_init                     - Undefined Weak Reference
    __alloca_initialize                       - Undefined Weak Reference
    __arm_preinit_                            - Undefined Weak Reference
    __cpp_initialize__aeabi_                  - Undefined Weak Reference
    __cxa_finalize                            - Undefined Weak Reference
    __sigvec_lookup                           - Undefined Weak Reference
    _atexit_init                              - Undefined Weak Reference
    _call_atexit_fns                          - Undefined Weak Reference
    _clock_init                               - Undefined Weak Reference
    _fp_trap_init                             - Undefined Weak Reference
    _fp_trap_shutdown                         - Undefined Weak Reference
    _get_lc_collate                           - Undefined Weak Reference
    _get_lc_monetary                          - Undefined Weak Reference
    _get_lc_time                              - Undefined Weak Reference
    _getenv_init                              - Undefined Weak Reference
    _handle_redirection                       - Undefined Weak Reference
    _init_alloc                               - Undefined Weak Reference
    _init_user_alloc                          - Undefined Weak Reference
    _initio                                   - Undefined Weak Reference
    _printf_mbtowc                            - Undefined Weak Reference
    _printf_wc                                - Undefined Weak Reference
    _rand_init                                - Undefined Weak Reference
    _signal_finish                            - Undefined Weak Reference
    _signal_init                              - Undefined Weak Reference
    _terminate_alloc                          - Undefined Weak Reference
    _terminate_user_alloc                     - Undefined Weak Reference
    _terminateio                              - Undefined Weak Reference
    __Vectors_Size                           0x000000ec   Number         0  startup_stm32f10x_md.o ABSOLUTE
    __Vectors                                0x08000000   Data           4  startup_stm32f10x_md.o(RESET)
    __Vectors_End                            0x080000ec   Data           0  startup_stm32f10x_md.o(RESET)
    __main                                   0x080000ed   Thumb Code     8  __main.o(!!!main)
    __scatterload                            0x080000f5   Thumb Code     0  __scatter.o(!!!scatter)
    __scatterload_rt2                        0x080000f5   Thumb Code    44  __scatter.o(!!!scatter)
    __scatterload_rt2_thumb_only             0x080000f5   Thumb Code     0  __scatter.o(!!!scatter)
    __scatterload_null                       0x08000103   Thumb Code     0  __scatter.o(!!!scatter)
    __scatterload_copy                       0x08000129   Thumb Code    26  __scatter_copy.o(!!handler_copy)
    __scatterload_zeroinit                   0x08000145   Thumb Code    28  __scatter_zi.o(!!handler_zi)
    _printf_n                                0x08000161   Thumb Code     0  _printf_n.o(.ARM.Collect$$_printf_percent$$00000001)
    _printf_percent                          0x08000161   Thumb Code     0  _printf_percent.o(.ARM.Collect$$_printf_percent$$00000000)
    _printf_p                                0x08000167   Thumb Code     0  _printf_p.o(.ARM.Collect$$_printf_percent$$00000002)
    _printf_f                                0x0800016d   Thumb Code     0  _printf_f.o(.ARM.Collect$$_printf_percent$$00000003)
    _printf_e                                0x08000173   Thumb Code     0  _printf_e.o(.ARM.Collect$$_printf_percent$$00000004)
    _printf_g                                0x08000179   Thumb Code     0  _printf_g.o(.ARM.Collect$$_printf_percent$$00000005)
    _printf_a                                0x0800017f   Thumb Code     0  _printf_a.o(.ARM.Collect$$_printf_percent$$00000006)
    _printf_ll                               0x08000185   Thumb Code     0  _printf_ll.o(.ARM.Collect$$_printf_percent$$00000007)
    _printf_i                                0x0800018f   Thumb Code     0  _printf_i.o(.ARM.Collect$$_printf_percent$$00000008)
    _printf_d                                0x08000195   Thumb Code     0  _printf_d.o(.ARM.Collect$$_printf_percent$$00000009)
    _printf_u                                0x0800019b   Thumb Code     0  _printf_u.o(.ARM.Collect$$_printf_percent$$0000000A)
    _printf_o                                0x080001a1   Thumb Code     0  _printf_o.o(.ARM.Collect$$_printf_percent$$0000000B)
    _printf_x                                0x080001a7   Thumb Code     0  _printf_x.o(.ARM.Collect$$_printf_percent$$0000000C)
    _printf_lli                              0x080001ad   Thumb Code     0  _printf_lli.o(.ARM.Collect$$_printf_percent$$0000000D)
    _printf_lld                              0x080001b3   Thumb Code     0  _printf_lld.o(.ARM.Collect$$_printf_percent$$0000000E)
    _printf_llu                              0x080001b9   Thumb Code     0  _printf_llu.o(.ARM.Collect$$_printf_percent$$0000000F)
    _printf_llo                              0x080001bf   Thumb Code     0  _printf_llo.o(.ARM.Collect$$_printf_percent$$00000010)
    _printf_llx                              0x080001c5   Thumb Code     0  _printf_llx.o(.ARM.Collect$$_printf_percent$$00000011)
    _printf_l                                0x080001cb   Thumb Code     0  _printf_l.o(.ARM.Collect$$_printf_percent$$00000012)
    _printf_c                                0x080001d5   Thumb Code     0  _printf_c.o(.ARM.Collect$$_printf_percent$$00000013)
    _printf_s                                0x080001db   Thumb Code     0  _printf_s.o(.ARM.Collect$$_printf_percent$$00000014)
    _printf_lc                               0x080001e1   Thumb Code     0  _printf_lc.o(.ARM.Collect$$_printf_percent$$00000015)
    _printf_ls                               0x080001e7   Thumb Code     0  _printf_ls.o(.ARM.Collect$$_printf_percent$$00000016)
    _printf_percent_end                      0x080001ed   Thumb Code     0  _printf_percent_end.o(.ARM.Collect$$_printf_percent$$00000017)
    __rt_lib_init                            0x080001f1   Thumb Code     0  libinit.o(.ARM.Collect$$libinit$$00000000)
    __rt_lib_init_fp_1                       0x080001f3   Thumb Code     0  libinit2.o(.ARM.Collect$$libinit$$00000002)
    __rt_lib_init_heap_1                     0x080001f3   Thumb Code     0  libinit2.o(.ARM.Collect$$libinit$$0000000A)
    __rt_lib_init_lc_common                  0x080001f3   Thumb Code     0  libinit2.o(.ARM.Collect$$libinit$$0000000F)
    __rt_lib_init_preinit_1                  0x080001f3   Thumb Code     0  libinit2.o(.ARM.Collect$$libinit$$00000004)
    __rt_lib_init_rand_1                     0x080001f3   Thumb Code     0  libinit2.o(.ARM.Collect$$libinit$$0000000E)
    __rt_lib_init_user_alloc_1               0x080001f3   Thumb Code     0  libinit2.o(.ARM.Collect$$libinit$$0000000C)
    __rt_lib_init_lc_collate_1               0x080001f9   Thumb Code     0  libinit2.o(.ARM.Collect$$libinit$$00000011)
    __rt_lib_init_lc_ctype_2                 0x080001f9   Thumb Code     0  libinit2.o(.ARM.Collect$$libinit$$00000012)
    __rt_lib_init_lc_ctype_1                 0x08000205   Thumb Code     0  libinit2.o(.ARM.Collect$$libinit$$00000013)
    __rt_lib_init_lc_monetary_1              0x08000205   Thumb Code     0  libinit2.o(.ARM.Collect$$libinit$$00000015)
    __rt_lib_init_lc_numeric_2               0x08000205   Thumb Code     0  libinit2.o(.ARM.Collect$$libinit$$00000016)
    __rt_lib_init_alloca_1                   0x0800020f   Thumb Code     0  libinit2.o(.ARM.Collect$$libinit$$0000002E)
    __rt_lib_init_argv_1                     0x0800020f   Thumb Code     0  libinit2.o(.ARM.Collect$$libinit$$0000002C)
    __rt_lib_init_atexit_1                   0x0800020f   Thumb Code     0  libinit2.o(.ARM.Collect$$libinit$$0000001B)
    __rt_lib_init_clock_1                    0x0800020f   Thumb Code     0  libinit2.o(.ARM.Collect$$libinit$$00000021)
    __rt_lib_init_cpp_1                      0x0800020f   Thumb Code     0  libinit2.o(.ARM.Collect$$libinit$$00000032)
    __rt_lib_init_exceptions_1               0x0800020f   Thumb Code     0  libinit2.o(.ARM.Collect$$libinit$$00000030)
    __rt_lib_init_fp_trap_1                  0x0800020f   Thumb Code     0  libinit2.o(.ARM.Collect$$libinit$$0000001F)
    __rt_lib_init_getenv_1                   0x0800020f   Thumb Code     0  libinit2.o(.ARM.Collect$$libinit$$00000023)
    __rt_lib_init_lc_numeric_1               0x0800020f   Thumb Code     0  libinit2.o(.ARM.Collect$$libinit$$00000017)
    __rt_lib_init_lc_time_1                  0x0800020f   Thumb Code     0  libinit2.o(.ARM.Collect$$libinit$$00000019)
    __rt_lib_init_return                     0x0800020f   Thumb Code     0  libinit2.o(.ARM.Collect$$libinit$$00000033)
    __rt_lib_init_signal_1                   0x0800020f   Thumb Code     0  libinit2.o(.ARM.Collect$$libinit$$0000001D)
    __rt_lib_init_stdio_1                    0x0800020f   Thumb Code     0  libinit2.o(.ARM.Collect$$libinit$$00000025)
    __rt_lib_shutdown                        0x08000211   Thumb Code     0  libshutdown.o(.ARM.Collect$$libshutdown$$00000000)
    __rt_lib_shutdown_cpp_1                  0x08000213   Thumb Code     0  libshutdown2.o(.ARM.Collect$$libshutdown$$00000002)
    __rt_lib_shutdown_fp_trap_1              0x08000213   Thumb Code     0  libshutdown2.o(.ARM.Collect$$libshutdown$$00000007)
    __rt_lib_shutdown_heap_1                 0x08000213   Thumb Code     0  libshutdown2.o(.ARM.Collect$$libshutdown$$0000000F)
    __rt_lib_shutdown_return                 0x08000213   Thumb Code     0  libshutdown2.o(.ARM.Collect$$libshutdown$$00000010)
    __rt_lib_shutdown_signal_1               0x08000213   Thumb Code     0  libshutdown2.o(.ARM.Collect$$libshutdown$$0000000A)
    __rt_lib_shutdown_stdio_1                0x08000213   Thumb Code     0  libshutdown2.o(.ARM.Collect$$libshutdown$$00000004)
    __rt_lib_shutdown_user_alloc_1           0x08000213   Thumb Code     0  libshutdown2.o(.ARM.Collect$$libshutdown$$0000000C)
    __rt_entry                               0x08000215   Thumb Code     0  __rtentry.o(.ARM.Collect$$rtentry$$00000000)
    __rt_entry_presh_1                       0x08000215   Thumb Code     0  __rtentry2.o(.ARM.Collect$$rtentry$$00000002)
    __rt_entry_sh                            0x08000215   Thumb Code     0  __rtentry4.o(.ARM.Collect$$rtentry$$00000004)
    __rt_entry_li                            0x0800021b   Thumb Code     0  __rtentry2.o(.ARM.Collect$$rtentry$$0000000A)
    __rt_entry_postsh_1                      0x0800021b   Thumb Code     0  __rtentry2.o(.ARM.Collect$$rtentry$$00000009)
    __rt_entry_main                          0x0800021f   Thumb Code     0  __rtentry2.o(.ARM.Collect$$rtentry$$0000000D)
    __rt_entry_postli_1                      0x0800021f   Thumb Code     0  __rtentry2.o(.ARM.Collect$$rtentry$$0000000C)
    __rt_exit                                0x08000227   Thumb Code     0  rtexit.o(.ARM.Collect$$rtexit$$00000000)
    __rt_exit_ls                             0x08000229   Thumb Code     0  rtexit2.o(.ARM.Collect$$rtexit$$00000003)
    __rt_exit_prels_1                        0x08000229   Thumb Code     0  rtexit2.o(.ARM.Collect$$rtexit$$00000002)
    __rt_exit_exit                           0x0800022d   Thumb Code     0  rtexit2.o(.ARM.Collect$$rtexit$$00000004)
    SVC_Handler                              0x08000235   Thumb Code    32  port.o(.emb_text)
    __asm___6_port_c_39a90d8d__prvStartFirstTask 0x08000259   Thumb Code    28  port.o(.emb_text)
    PendSV_Handler                           0x08000279   Thumb Code    72  port.o(.emb_text)
    vPortGetIPSR                             0x080002c5   Thumb Code     6  port.o(.emb_text)
    Reset_Handler                            0x080002cd   Thumb Code     8  startup_stm32f10x_md.o(.text)
    ADC1_2_IRQHandler                        0x080002e7   Thumb Code     0  startup_stm32f10x_md.o(.text)
    CAN1_RX1_IRQHandler                      0x080002e7   Thumb Code     0  startup_stm32f10x_md.o(.text)
    CAN1_SCE_IRQHandler                      0x080002e7   Thumb Code     0  startup_stm32f10x_md.o(.text)
    DMA1_Channel1_IRQHandler                 0x080002e7   Thumb Code     0  startup_stm32f10x_md.o(.text)
    DMA1_Channel2_IRQHandler                 0x080002e7   Thumb Code     0  startup_stm32f10x_md.o(.text)
    DMA1_Channel3_IRQHandler                 0x080002e7   Thumb Code     0  startup_stm32f10x_md.o(.text)
    DMA1_Channel4_IRQHandler                 0x080002e7   Thumb Code     0  startup_stm32f10x_md.o(.text)
    DMA1_Channel5_IRQHandler                 0x080002e7   Thumb Code     0  startup_stm32f10x_md.o(.text)
    DMA1_Channel6_IRQHandler                 0x080002e7   Thumb Code     0  startup_stm32f10x_md.o(.text)
    DMA1_Channel7_IRQHandler                 0x080002e7   Thumb Code     0  startup_stm32f10x_md.o(.text)
    EXTI0_IRQHandler                         0x080002e7   Thumb Code     0  startup_stm32f10x_md.o(.text)
    EXTI1_IRQHandler                         0x080002e7   Thumb Code     0  startup_stm32f10x_md.o(.text)
    EXTI2_IRQHandler                         0x080002e7   Thumb Code     0  startup_stm32f10x_md.o(.text)
    EXTI3_IRQHandler                         0x080002e7   Thumb Code     0  startup_stm32f10x_md.o(.text)
    EXTI4_IRQHandler                         0x080002e7   Thumb Code     0  startup_stm32f10x_md.o(.text)
    EXTI9_5_IRQHandler                       0x080002e7   Thumb Code     0  startup_stm32f10x_md.o(.text)
    FLASH_IRQHandler                         0x080002e7   Thumb Code     0  startup_stm32f10x_md.o(.text)
    I2C1_ER_IRQHandler                       0x080002e7   Thumb Code     0  startup_stm32f10x_md.o(.text)
    I2C1_EV_IRQHandler                       0x080002e7   Thumb Code     0  startup_stm32f10x_md.o(.text)
    I2C2_ER_IRQHandler                       0x080002e7   Thumb Code     0  startup_stm32f10x_md.o(.text)
    I2C2_EV_IRQHandler                       0x080002e7   Thumb Code     0  startup_stm32f10x_md.o(.text)
    PVD_IRQHandler                           0x080002e7   Thumb Code     0  startup_stm32f10x_md.o(.text)
    RCC_IRQHandler                           0x080002e7   Thumb Code     0  startup_stm32f10x_md.o(.text)
    RTCAlarm_IRQHandler                      0x080002e7   Thumb Code     0  startup_stm32f10x_md.o(.text)
    RTC_IRQHandler                           0x080002e7   Thumb Code     0  startup_stm32f10x_md.o(.text)
    SPI1_IRQHandler                          0x080002e7   Thumb Code     0  startup_stm32f10x_md.o(.text)
    SPI2_IRQHandler                          0x080002e7   Thumb Code     0  startup_stm32f10x_md.o(.text)
    TAMPER_IRQHandler                        0x080002e7   Thumb Code     0  startup_stm32f10x_md.o(.text)
    TIM1_BRK_IRQHandler                      0x080002e7   Thumb Code     0  startup_stm32f10x_md.o(.text)
    TIM1_CC_IRQHandler                       0x080002e7   Thumb Code     0  startup_stm32f10x_md.o(.text)
    TIM1_TRG_COM_IRQHandler                  0x080002e7   Thumb Code     0  startup_stm32f10x_md.o(.text)
    TIM1_UP_IRQHandler                       0x080002e7   Thumb Code     0  startup_stm32f10x_md.o(.text)
    TIM2_IRQHandler                          0x080002e7   Thumb Code     0  startup_stm32f10x_md.o(.text)
    TIM3_IRQHandler                          0x080002e7   Thumb Code     0  startup_stm32f10x_md.o(.text)
    TIM4_IRQHandler                          0x080002e7   Thumb Code     0  startup_stm32f10x_md.o(.text)
    USART2_IRQHandler                        0x080002e7   Thumb Code     0  startup_stm32f10x_md.o(.text)
    USART3_IRQHandler                        0x080002e7   Thumb Code     0  startup_stm32f10x_md.o(.text)
    USBWakeUp_IRQHandler                     0x080002e7   Thumb Code     0  startup_stm32f10x_md.o(.text)
    USB_HP_CAN1_TX_IRQHandler                0x080002e7   Thumb Code     0  startup_stm32f10x_md.o(.text)
    USB_LP_CAN1_RX0_IRQHandler               0x080002e7   Thumb Code     0  startup_stm32f10x_md.o(.text)
    WWDG_IRQHandler                          0x080002e7   Thumb Code     0  startup_stm32f10x_md.o(.text)
    __user_initial_stackheap                 0x080002e9   Thumb Code     0  startup_stm32f10x_md.o(.text)
    vsprintf                                 0x0800030d   Thumb Code    32  vsprintf.o(.text)
    __aeabi_memcpy                           0x08000331   Thumb Code     0  rt_memcpy_v6.o(.text)
    __rt_memcpy                              0x08000331   Thumb Code   138  rt_memcpy_v6.o(.text)
    _memcpy_lastbytes                        0x08000397   Thumb Code     0  rt_memcpy_v6.o(.text)
    __use_two_region_memory                  0x080003bb   Thumb Code     2  heapauxi.o(.text)
    __rt_heap_escrow$2region                 0x080003bd   Thumb Code     2  heapauxi.o(.text)
    __rt_heap_expand$2region                 0x080003bf   Thumb Code     2  heapauxi.o(.text)
    _printf_pre_padding                      0x080003c1   Thumb Code    44  _printf_pad.o(.text)
    _printf_post_padding                     0x080003ed   Thumb Code    34  _printf_pad.o(.text)
    _printf_truncate_signed                  0x0800040f   Thumb Code    18  _printf_truncate.o(.text)
    _printf_truncate_unsigned                0x08000421   Thumb Code    18  _printf_truncate.o(.text)
    _printf_str                              0x08000433   Thumb Code    82  _printf_str.o(.text)
    _printf_int_dec                          0x08000485   Thumb Code   104  _printf_dec.o(.text)
    _printf_charcount                        0x080004fd   Thumb Code    40  _printf_charcount.o(.text)
    _printf_char_common                      0x0800052f   Thumb Code    32  _printf_char_common.o(.text)
    _sputc                                   0x08000555   Thumb Code    10  _sputc.o(.text)
    _printf_wctomb                           0x08000561   Thumb Code   182  _printf_wctomb.o(.text)
    _printf_longlong_dec                     0x0800061d   Thumb Code   108  _printf_longlong_dec.o(.text)
    _printf_longlong_oct                     0x08000699   Thumb Code    66  _printf_oct_int_ll.o(.text)
    _printf_int_oct                          0x080006db   Thumb Code    24  _printf_oct_int_ll.o(.text)
    _printf_ll_oct                           0x080006f3   Thumb Code    12  _printf_oct_int_ll.o(.text)
    _printf_longlong_hex                     0x08000709   Thumb Code    86  _printf_hex_int_ll_ptr.o(.text)
    _printf_int_hex                          0x0800075f   Thumb Code    28  _printf_hex_int_ll_ptr.o(.text)
    _printf_ll_hex                           0x0800077b   Thumb Code    12  _printf_hex_int_ll_ptr.o(.text)
    _printf_hex_ptr                          0x08000787   Thumb Code    18  _printf_hex_int_ll_ptr.o(.text)
    __printf                                 0x0800079d   Thumb Code   388  __printf_flags_ss_wp.o(.text)
    __aeabi_memcpy4                          0x08000925   Thumb Code     0  rt_memcpy_w.o(.text)
    __aeabi_memcpy8                          0x08000925   Thumb Code     0  rt_memcpy_w.o(.text)
    __rt_memcpy_w                            0x08000925   Thumb Code   100  rt_memcpy_w.o(.text)
    _memcpy_lastbytes_aligned                0x0800096d   Thumb Code     0  rt_memcpy_w.o(.text)
    _ll_udiv10                               0x08000989   Thumb Code   138  lludiv10.o(.text)
    _printf_int_common                       0x08000a13   Thumb Code   178  _printf_intcommon.o(.text)
    __lib_sel_fp_printf                      0x08000ac5   Thumb Code     2  _printf_fp_dec.o(.text)
    _printf_fp_dec_real                      0x08000c77   Thumb Code   620  _printf_fp_dec.o(.text)
    _printf_fp_hex_real                      0x08000ee5   Thumb Code   756  _printf_fp_hex.o(.text)
    _printf_cs_common                        0x080011e1   Thumb Code    20  _printf_char.o(.text)
    _printf_char                             0x080011f5   Thumb Code    16  _printf_char.o(.text)
    _printf_string                           0x08001205   Thumb Code     8  _printf_char.o(.text)
    _printf_lcs_common                       0x0800120d   Thumb Code    20  _printf_wchar.o(.text)
    _printf_wchar                            0x08001221   Thumb Code    16  _printf_wchar.o(.text)
    _printf_wstring                          0x08001231   Thumb Code     8  _printf_wchar.o(.text)
    _wcrtomb                                 0x08001239   Thumb Code    64  _wcrtomb.o(.text)
    __user_libspace                          0x08001279   Thumb Code     8  libspace.o(.text)
    __user_perproc_libspace                  0x08001279   Thumb Code     0  libspace.o(.text)
    __user_perthread_libspace                0x08001279   Thumb Code     0  libspace.o(.text)
    __user_setup_stackheap                   0x08001281   Thumb Code    74  sys_stackheap_outer.o(.text)
    __rt_ctype_table                         0x080012cd   Thumb Code    16  rt_ctype_table.o(.text)
    __rt_locale                              0x080012dd   Thumb Code     8  rt_locale_intlibspace.o(.text)
    _printf_fp_infnan                        0x080012e5   Thumb Code   112  _printf_fp_infnan.o(.text)
    _btod_etento                             0x08001365   Thumb Code   224  bigflt0.o(.text)
    exit                                     0x08001449   Thumb Code    18  exit.o(.text)
    strcmp                                   0x0800145d   Thumb Code   128  strcmpv7m.o(.text)
    _sys_exit                                0x080014dd   Thumb Code     8  sys_exit.o(.text)
    __I$use$semihosting                      0x080014e9   Thumb Code     0  use_no_semi.o(.text)
    __use_no_semihosting_swi                 0x080014e9   Thumb Code     2  use_no_semi.o(.text)
    __semihosting_library_function           0x080014eb   Thumb Code     0  indicate_semi.o(.text)
    _btod_d2e                                0x080014eb   Thumb Code    62  btod.o(CL$$btod_d2e)
    _d2e_denorm_low                          0x08001529   Thumb Code    70  btod.o(CL$$btod_d2e_denorm_low)
    _d2e_norm_op1                            0x0800156f   Thumb Code    96  btod.o(CL$$btod_d2e_norm_op1)
    __btod_div_common                        0x080015cf   Thumb Code   696  btod.o(CL$$btod_div_common)
    _e2e                                     0x08001907   Thumb Code   220  btod.o(CL$$btod_e2e)
    _btod_ediv                               0x080019e3   Thumb Code    42  btod.o(CL$$btod_ediv)
    _btod_emul                               0x08001a0d   Thumb Code    42  btod.o(CL$$btod_emul)
    __btod_mult_common                       0x08001a37   Thumb Code   580  btod.o(CL$$btod_mult_common)
    ADC_Cmd                                  0x08001c7b   Thumb Code    22  stm32f10x_adc.o(i.ADC_Cmd)
    ADC_DMACmd                               0x08001c91   Thumb Code    22  stm32f10x_adc.o(i.ADC_DMACmd)
    ADC_GetCalibrationStatus                 0x08001ca7   Thumb Code    20  stm32f10x_adc.o(i.ADC_GetCalibrationStatus)
    ADC_GetResetCalibrationStatus            0x08001cbb   Thumb Code    20  stm32f10x_adc.o(i.ADC_GetResetCalibrationStatus)
    ADC_Init                                 0x08001cd1   Thumb Code    70  stm32f10x_adc.o(i.ADC_Init)
    ADC_RegularChannelConfig                 0x08001d21   Thumb Code   184  stm32f10x_adc.o(i.ADC_RegularChannelConfig)
    ADC_ResetCalibration                     0x08001dd9   Thumb Code    10  stm32f10x_adc.o(i.ADC_ResetCalibration)
    ADC_SoftwareStartConvCmd                 0x08001de3   Thumb Code    22  stm32f10x_adc.o(i.ADC_SoftwareStartConvCmd)
    ADC_StartCalibration                     0x08001df9   Thumb Code    10  stm32f10x_adc.o(i.ADC_StartCalibration)
    AD_Init                                  0x08001e05   Thumb Code   274  adc.o(i.AD_Init)
    BusFault_Handler                         0x08001f2d   Thumb Code     4  stm32f10x_it.o(i.BusFault_Handler)
    DMA_Cmd                                  0x08001f31   Thumb Code    24  stm32f10x_dma.o(i.DMA_Cmd)
    DMA_Init                                 0x08001f49   Thumb Code    60  stm32f10x_dma.o(i.DMA_Init)
    DebugMon_Handler                         0x08001f85   Thumb Code     2  stm32f10x_it.o(i.DebugMon_Handler)
    EXTI15_10_IRQHandler                     0x08001f89   Thumb Code    76  exit.o(i.EXTI15_10_IRQHandler)
    EXTI_ClearITPendingBit                   0x08001fe9   Thumb Code     6  stm32f10x_exti.o(i.EXTI_ClearITPendingBit)
    EXTI_GetITStatus                         0x08001ff5   Thumb Code    34  stm32f10x_exti.o(i.EXTI_GetITStatus)
    EXTI_Init                                0x0800201d   Thumb Code   142  stm32f10x_exti.o(i.EXTI_Init)
    Exit_init                                0x080020b1   Thumb Code   152  exit.o(i.Exit_init)
    GPIO_EXTILineConfig                      0x08002161   Thumb Code    60  stm32f10x_gpio.o(i.GPIO_EXTILineConfig)
    GPIO_Init                                0x080021a1   Thumb Code   278  stm32f10x_gpio.o(i.GPIO_Init)
    GPIO_ReadInputDataBit                    0x080022b7   Thumb Code    18  stm32f10x_gpio.o(i.GPIO_ReadInputDataBit)
    GPIO_ResetBits                           0x080022c9   Thumb Code     4  stm32f10x_gpio.o(i.GPIO_ResetBits)
    GPIO_SetBits                             0x080022cd   Thumb Code     4  stm32f10x_gpio.o(i.GPIO_SetBits)
    GPIO_WriteBit                            0x080022d1   Thumb Code    10  stm32f10x_gpio.o(i.GPIO_WriteBit)
    HardFault_Handler                        0x080022db   Thumb Code     4  stm32f10x_it.o(i.HardFault_Handler)
    LED_Init                                 0x080022e1   Thumb Code   110  led.o(i.LED_Init)
    LED_OFF                                  0x08002395   Thumb Code    14  led.o(i.LED_OFF)
    LED_ON                                   0x080023a9   Thumb Code    14  led.o(i.LED_ON)
    LED_disable_Task                         0x080023bd   Thumb Code    38  led.o(i.LED_disable_Task)
    LED_open_Task                            0x080023e9   Thumb Code    82  led.o(i.LED_open_Task)
    LED_timer_callback                       0x08002449   Thumb Code    10  led.o(i.LED_timer_callback)
    MemManage_Handler                        0x08002453   Thumb Code     4  stm32f10x_it.o(i.MemManage_Handler)
    Motor_Init                               0x08002459   Thumb Code   104  motor.o(i.Motor_Init)
    Motor_SetSpeed                           0x08002505   Thumb Code    58  motor.o(i.Motor_SetSpeed)
    Motor_disable_Task                       0x08002545   Thumb Code    40  motor.o(i.Motor_disable_Task)
    Motor_open_Task                          0x08002571   Thumb Code    90  motor.o(i.Motor_open_Task)
    Motor_timer_callback                     0x080025ed   Thumb Code    12  motor.o(i.Motor_timer_callback)
    NMI_Handler                              0x080025f9   Thumb Code     2  stm32f10x_it.o(i.NMI_Handler)
    NVIC_Init                                0x080025fd   Thumb Code   100  misc.o(i.NVIC_Init)
    NVIC_PriorityGroupConfig                 0x0800266d   Thumb Code    10  misc.o(i.NVIC_PriorityGroupConfig)
    OLED_Clear                               0x08002681   Thumb Code    36  oled.o(i.OLED_Clear)
    OLED_ClearArea                           0x080026a9   Thumb Code   140  oled.o(i.OLED_ClearArea)
    OLED_DrawLine                            0x08002739   Thumb Code   374  oled.o(i.OLED_DrawLine)
    OLED_DrawPoint                           0x080028b1   Thumb Code    76  oled.o(i.OLED_DrawPoint)
    OLED_GPIO_Init                           0x08002901   Thumb Code    92  oled.o(i.OLED_GPIO_Init)
    OLED_I2C_SendByte                        0x08002961   Thumb Code    62  oled.o(i.OLED_I2C_SendByte)
    OLED_I2C_Start                           0x0800299f   Thumb Code    28  oled.o(i.OLED_I2C_Start)
    OLED_I2C_Stop                            0x080029bb   Thumb Code    22  oled.o(i.OLED_I2C_Stop)
    OLED_Init                                0x080029d1   Thumb Code   154  oled.o(i.OLED_Init)
    OLED_Pow                                 0x08002a6b   Thumb Code    20  oled.o(i.OLED_Pow)
    OLED_SetCursor                           0x08002a7f   Thumb Code    34  oled.o(i.OLED_SetCursor)
    OLED_ShowChar                            0x08002aa1   Thumb Code    74  oled.o(i.OLED_ShowChar)
    OLED_ShowImage                           0x08002af5   Thumb Code   248  oled.o(i.OLED_ShowImage)
    OLED_ShowNum                             0x08002bf1   Thumb Code    76  oled.o(i.OLED_ShowNum)
    OLED_ShowString                          0x08002c3d   Thumb Code    46  oled.o(i.OLED_ShowString)
    OLED_Update                              0x08002c6d   Thumb Code    36  oled.o(i.OLED_Update)
    OLED_W_SCL                               0x08002c95   Thumb Code    18  oled.o(i.OLED_W_SCL)
    OLED_W_SDA                               0x08002cad   Thumb Code    18  oled.o(i.OLED_W_SDA)
    OLED_WriteCommand                        0x08002cc5   Thumb Code    32  oled.o(i.OLED_WriteCommand)
    OLED_WriteData                           0x08002ce5   Thumb Code    46  oled.o(i.OLED_WriteData)
    OLED_show_init                           0x08002d15   Thumb Code    28  oled_show.o(i.OLED_show_init)
    PWM_Init                                 0x08002d49   Thumb Code   144  motor.o(i.PWM_Init)
    PWM_SetCompare                           0x08002ddd   Thumb Code    16  motor.o(i.PWM_SetCompare)
    RCC_ADCCLKConfig                         0x08002ded   Thumb Code    18  stm32f10x_rcc.o(i.RCC_ADCCLKConfig)
    RCC_AHBPeriphClockCmd                    0x08002e05   Thumb Code    26  stm32f10x_rcc.o(i.RCC_AHBPeriphClockCmd)
    RCC_APB1PeriphClockCmd                   0x08002e25   Thumb Code    26  stm32f10x_rcc.o(i.RCC_APB1PeriphClockCmd)
    RCC_APB2PeriphClockCmd                   0x08002e45   Thumb Code    26  stm32f10x_rcc.o(i.RCC_APB2PeriphClockCmd)
    RCC_GetClocksFreq                        0x08002e65   Thumb Code   192  stm32f10x_rcc.o(i.RCC_GetClocksFreq)
    Sensor_Init                              0x08002f39   Thumb Code    42  sensor.o(i.Sensor_Init)
    Sensor_Task                              0x08002f7d   Thumb Code   198  sensor.o(i.Sensor_Task)
    Serial_Init                              0x08003055   Thumb Code   194  serial.o(i.Serial_Init)
    Serial_Pow                               0x08003131   Thumb Code    20  serial.o(i.Serial_Pow)
    Serial_Printf                            0x08003145   Thumb Code    36  serial.o(i.Serial_Printf)
    Serial_SendByte                          0x08003169   Thumb Code    28  serial.o(i.Serial_SendByte)
    Serial_SendNumber                        0x08003189   Thumb Code    58  serial.o(i.Serial_SendNumber)
    Serial_SendString                        0x080031c3   Thumb Code    26  serial.o(i.Serial_SendString)
    Serial_Task                              0x080031dd   Thumb Code   106  serial.o(i.Serial_Task)
    SysTick_Handler                          0x08003365   Thumb Code    46  port.o(i.SysTick_Handler)
    SystemInit                               0x08003399   Thumb Code    78  system_stm32f10x.o(i.SystemInit)
    TIM_Cmd                                  0x080033f9   Thumb Code    24  stm32f10x_tim.o(i.TIM_Cmd)
    TIM_InternalClockConfig                  0x08003411   Thumb Code    12  stm32f10x_tim.o(i.TIM_InternalClockConfig)
    TIM_OC4Init                              0x0800341d   Thumb Code   114  stm32f10x_tim.o(i.TIM_OC4Init)
    TIM_OCStructInit                         0x08003499   Thumb Code    20  stm32f10x_tim.o(i.TIM_OCStructInit)
    TIM_SetCompare4                          0x080034ad   Thumb Code     6  stm32f10x_tim.o(i.TIM_SetCompare4)
    TIM_TimeBaseInit                         0x080034b5   Thumb Code   122  stm32f10x_tim.o(i.TIM_TimeBaseInit)
    USART1_IRQHandler                        0x08003559   Thumb Code    44  serial.o(i.USART1_IRQHandler)
    USART_ClearITPendingBit                  0x08003591   Thumb Code    30  stm32f10x_usart.o(i.USART_ClearITPendingBit)
    USART_Cmd                                0x080035af   Thumb Code    24  stm32f10x_usart.o(i.USART_Cmd)
    USART_GetFlagStatus                      0x080035c7   Thumb Code    26  stm32f10x_usart.o(i.USART_GetFlagStatus)
    USART_GetITStatus                        0x080035e1   Thumb Code    84  stm32f10x_usart.o(i.USART_GetITStatus)
    USART_ITConfig                           0x08003635   Thumb Code    74  stm32f10x_usart.o(i.USART_ITConfig)
    USART_Init                               0x08003681   Thumb Code   210  stm32f10x_usart.o(i.USART_Init)
    USART_ReceiveData                        0x08003759   Thumb Code    10  stm32f10x_usart.o(i.USART_ReceiveData)
    USART_SendData                           0x08003763   Thumb Code     8  stm32f10x_usart.o(i.USART_SendData)
    UsageFault_Handler                       0x0800376b   Thumb Code     4  stm32f10x_it.o(i.UsageFault_Handler)
    __ARM_fpclassify                         0x0800376f   Thumb Code    40  fpclassify.o(i.__ARM_fpclassify)
    _is_digit                                0x08003797   Thumb Code    14  __printf_wp.o(i._is_digit)
    beep_alarm                               0x080037a5   Thumb Code    22  beep.o(i.beep_alarm)
    beep_alarm_task                          0x080037c1   Thumb Code    68  beep.o(i.beep_alarm_task)
    beep_disable_task                        0x0800380d   Thumb Code    38  beep.o(i.beep_disable_task)
    beep_init                                0x08003839   Thumb Code   122  beep.o(i.beep_init)
    beep_off                                 0x080038fd   Thumb Code    14  beep.o(i.beep_off)
    beep_on                                  0x08003911   Thumb Code    14  beep.o(i.beep_on)
    beep_open_task                           0x08003925   Thumb Code    58  beep.o(i.beep_open_task)
    main                                     0x08003969   Thumb Code    42  main.o(i.main)
    pvPortMalloc                             0x08004441   Thumb Code   262  heap_4.o(i.pvPortMalloc)
    pvTaskIncrementMutexHeldCount            0x0800458d   Thumb Code    26  tasks.o(i.pvTaskIncrementMutexHeldCount)
    pxPortInitialiseStack                    0x080045ad   Thumb Code    30  port.o(i.pxPortInitialiseStack)
    sensor_show_task                         0x080045d1   Thumb Code   226  oled_show.o(i.sensor_show_task)
    timer_callback                           0x080046d9   Thumb Code   118  exit.o(i.timer_callback)
    uxListRemove                             0x080047a1   Thumb Code    40  list.o(i.uxListRemove)
    uxTaskResetEventItemValue                0x080047c9   Thumb Code    24  tasks.o(i.uxTaskResetEventItemValue)
    vListInitialise                          0x080047e5   Thumb Code    26  list.o(i.vListInitialise)
    vListInitialiseItem                      0x080047ff   Thumb Code     6  list.o(i.vListInitialiseItem)
    vListInsert                              0x08004805   Thumb Code    52  list.o(i.vListInsert)
    vListInsertEnd                           0x08004839   Thumb Code    24  list.o(i.vListInsertEnd)
    vPortEnterCritical                       0x08004851   Thumb Code    68  port.o(i.vPortEnterCritical)
    vPortExitCritical                        0x080048d1   Thumb Code    48  port.o(i.vPortExitCritical)
    vPortFree                                0x08004939   Thumb Code   120  heap_4.o(i.vPortFree)
    vPortSetupTimerInterrupt                 0x080049e9   Thumb Code    26  port.o(i.vPortSetupTimerInterrupt)
    vPortValidateInterruptPriority           0x08004a09   Thumb Code    86  port.o(i.vPortValidateInterruptPriority)
    vQueueAddToRegistry                      0x08004aa1   Thumb Code    38  queue.o(i.vQueueAddToRegistry)
    vQueueWaitForMessageRestricted           0x08004acd   Thumb Code    74  queue.o(i.vQueueWaitForMessageRestricted)
    vTaskDelay                               0x08004b19   Thumb Code    72  tasks.o(i.vTaskDelay)
    vTaskMissedYield                         0x08004b91   Thumb Code     8  tasks.o(i.vTaskMissedYield)
    vTaskPlaceOnEventList                    0x08004b9d   Thumb Code    42  tasks.o(i.vTaskPlaceOnEventList)
    vTaskPlaceOnEventListRestricted          0x08004bf5   Thumb Code    50  tasks.o(i.vTaskPlaceOnEventListRestricted)
    vTaskPlaceOnUnorderedEventList           0x08004c55   Thumb Code    80  tasks.o(i.vTaskPlaceOnUnorderedEventList)
    vTaskPriorityInherit                     0x08004cd5   Thumb Code   164  tasks.o(i.vTaskPriorityInherit)
    vTaskSetTimeOutState                     0x08004d85   Thumb Code    32  tasks.o(i.vTaskSetTimeOutState)
    vTaskStartScheduler                      0x08004dd5   Thumb Code   108  tasks.o(i.vTaskStartScheduler)
    vTaskSuspendAll                          0x08004e85   Thumb Code    12  tasks.o(i.vTaskSuspendAll)
    vTaskSwitchContext                       0x08004e95   Thumb Code   110  tasks.o(i.vTaskSwitchContext)
    xEventGroupClearBits                     0x08004f41   Thumb Code    72  event_groups.o(i.xEventGroupClearBits)
    xEventGroupCreate                        0x08004fb5   Thumb Code    26  event_groups.o(i.xEventGroupCreate)
    xEventGroupSetBits                       0x08004fd1   Thumb Code   186  event_groups.o(i.xEventGroupSetBits)
    xEventGroupWaitBits                      0x080050b9   Thumb Code   294  event_groups.o(i.xEventGroupWaitBits)
    xPortStartScheduler                      0x08005211   Thumb Code   140  port.o(i.xPortStartScheduler)
    xQueueCreateMutex                        0x080052b1   Thumb Code    34  queue.o(i.xQueueCreateMutex)
    xQueueGenericCreate                      0x080052d5   Thumb Code    78  queue.o(i.xQueueGenericCreate)
    xQueueGenericReceive                     0x0800534d   Thumb Code   416  queue.o(i.xQueueGenericReceive)
    xQueueGenericReset                       0x08005519   Thumb Code   136  queue.o(i.xQueueGenericReset)
    xQueueGenericSend                        0x080055cd   Thumb Code   380  queue.o(i.xQueueGenericSend)
    xQueueGenericSendFromISR                 0x08005775   Thumb Code   218  queue.o(i.xQueueGenericSendFromISR)
    xTaskCheckForTimeOut                     0x08005879   Thumb Code   116  tasks.o(i.xTaskCheckForTimeOut)
    xTaskCreate                              0x0800591d   Thumb Code    96  tasks.o(i.xTaskCreate)
    xTaskGetSchedulerState                   0x0800597d   Thumb Code    24  tasks.o(i.xTaskGetSchedulerState)
    xTaskGetTickCount                        0x0800599d   Thumb Code     6  tasks.o(i.xTaskGetTickCount)
    xTaskGetTickCountFromISR                 0x080059a9   Thumb Code    16  tasks.o(i.xTaskGetTickCountFromISR)
    xTaskIncrementTick                       0x080059bd   Thumb Code   272  tasks.o(i.xTaskIncrementTick)
    xTaskPriorityDisinherit                  0x08005b21   Thumb Code   168  tasks.o(i.xTaskPriorityDisinherit)
    xTaskRemoveFromEventList                 0x08005bfd   Thumb Code   118  tasks.o(i.xTaskRemoveFromEventList)
    xTaskRemoveFromUnorderedEventList        0x08005cb5   Thumb Code   134  tasks.o(i.xTaskRemoveFromUnorderedEventList)
    xTaskResumeAll                           0x08005d79   Thumb Code   214  tasks.o(i.xTaskResumeAll)
    xTimerCreate                             0x08005e9d   Thumb Code    48  timers.o(i.xTimerCreate)
    xTimerCreateTimerTask                    0x08005ecd   Thumb Code    56  timers.o(i.xTimerCreateTimerTask)
    xTimerGenericCommand                     0x08005f41   Thumb Code   116  timers.o(i.xTimerGenericCommand)
    _get_lc_numeric                          0x08005fe1   Thumb Code    44  lc_numeric_c.o(locale$$code)
    _get_lc_ctype                            0x0800600d   Thumb Code    44  lc_ctype_c.o(locale$$code)
    _printf_fp_dec                           0x08006039   Thumb Code     4  printf1.o(x$fpl$printf1)
    _printf_fp_hex                           0x0800603d   Thumb Code     4  printf2.o(x$fpl$printf2)
    OLED_F8x16                               0x08006040   Data        1520  oled_data.o(.constdata)
    __I$use$fp                               0x08006040   Number         0  usenofp.o(x$fpl$usenofp)
    OLED_F6x8                                0x08006630   Data         570  oled_data.o(.constdata)
    Diode                                    0x0800686a   Data          32  oled_data.o(.constdata)
    Region$$Table$$Base                      0x08006988   Number         0  anon$$obj.o(Region$$Table)
    Region$$Table$$Limit                     0x080069a8   Number         0  anon$$obj.o(Region$$Table)
    __ctype                                  0x080069d1   Data           0  lc_ctype_c.o(locale$$data)
    SystemCoreClock                          0x20000000   Data           4  system_stm32f10x.o(.data)
    AHBPrescTable                            0x20000004   Data          16  system_stm32f10x.o(.data)
    pxCurrentTCB                             0x2000004c   Data           4  tasks.o(.data)
    Serial_RxData                            0x2000009c   Data           1  serial.o(.data)
    Serial_RxFlag                            0x2000009d   Data           1  serial.o(.data)
    sensor_data                              0x2000009e   Data           6  serial.o(.data)
    LED_TIMER                                0x200000a4   Data           4  led.o(.data)
    AD_Value                                 0x200000a8   Data           6  adc.o(.data)
    ADC_Data_semaphore                       0x200000b0   Data           4  adc.o(.data)
    Motor_TIMER                              0x200000b4   Data           4  motor.o(.data)
    open_device_event_group                  0x200000c0   Data           4  sensor.o(.data)
    disable_device_event_group               0x200000c4   Data           4  sensor.o(.data)
    beep_alarm_semaphore                     0x200000c8   Data           4  beep.o(.data)
    key_event_group                          0x200000d0   Data           4  exit.o(.data)
    TIMER                                    0x200000d4   Data           4  exit.o(.data)
    key_flag                                 0x200000d8   Data           1  exit.o(.data)
    xHigherPriorityTaskWoken                 0x200000dc   Data           4  exit.o(.data)
    xQueueRegistry                           0x200040e0   Data          80  queue.o(.bss)
    OLED_DisplayBuf                          0x2000443c   Data        1024  oled.o(.bss)
    __libspace_start                         0x2000483c   Data          96  libspace.o(.bss)
    __temporary_stack_top$libspace           0x2000489c   Data           0  libspace.o(.bss)



==============================================================================

Memory Map of the image

  Image Entry point : 0x080000ed

  Load Region LR_IROM1 (Base: 0x08000000, Size: 0x00006bb4, Max: 0x00010000, ABSOLUTE)

    Execution Region ER_IROM1 (Exec base: 0x08000000, Load base: 0x08000000, Size: 0x00006ad4, Max: 0x00010000, ABSOLUTE)

    Exec Addr    Load Addr    Size         Type   Attr      Idx    E Section Name        Object

    0x08000000   0x08000000   0x000000ec   Data   RO            3    RESET               startup_stm32f10x_md.o
    0x080000ec   0x080000ec   0x00000008   Code   RO         4901  * !!!main             c_w.l(__main.o)
    0x080000f4   0x080000f4   0x00000034   Code   RO         5336    !!!scatter          c_w.l(__scatter.o)
    0x08000128   0x08000128   0x0000001a   Code   RO         5338    !!handler_copy      c_w.l(__scatter_copy.o)
    0x08000142   0x08000142   0x00000002   PAD
    0x08000144   0x08000144   0x0000001c   Code   RO         5340    !!handler_zi        c_w.l(__scatter_zi.o)
    0x08000160   0x08000160   0x00000000   Code   RO         5043    .ARM.Collect$$_printf_percent$$00000000  c_w.l(_printf_percent.o)
    0x08000160   0x08000160   0x00000006   Code   RO         5032    .ARM.Collect$$_printf_percent$$00000001  c_w.l(_printf_n.o)
    0x08000166   0x08000166   0x00000006   Code   RO         5034    .ARM.Collect$$_printf_percent$$00000002  c_w.l(_printf_p.o)
    0x0800016c   0x0800016c   0x00000006   Code   RO         5039    .ARM.Collect$$_printf_percent$$00000003  c_w.l(_printf_f.o)
    0x08000172   0x08000172   0x00000006   Code   RO         5040    .ARM.Collect$$_printf_percent$$00000004  c_w.l(_printf_e.o)
    0x08000178   0x08000178   0x00000006   Code   RO         5041    .ARM.Collect$$_printf_percent$$00000005  c_w.l(_printf_g.o)
    0x0800017e   0x0800017e   0x00000006   Code   RO         5042    .ARM.Collect$$_printf_percent$$00000006  c_w.l(_printf_a.o)
    0x08000184   0x08000184   0x0000000a   Code   RO         5047    .ARM.Collect$$_printf_percent$$00000007  c_w.l(_printf_ll.o)
    0x0800018e   0x0800018e   0x00000006   Code   RO         5036    .ARM.Collect$$_printf_percent$$00000008  c_w.l(_printf_i.o)
    0x08000194   0x08000194   0x00000006   Code   RO         5037    .ARM.Collect$$_printf_percent$$00000009  c_w.l(_printf_d.o)
    0x0800019a   0x0800019a   0x00000006   Code   RO         5038    .ARM.Collect$$_printf_percent$$0000000A  c_w.l(_printf_u.o)
    0x080001a0   0x080001a0   0x00000006   Code   RO         5035    .ARM.Collect$$_printf_percent$$0000000B  c_w.l(_printf_o.o)
    0x080001a6   0x080001a6   0x00000006   Code   RO         5033    .ARM.Collect$$_printf_percent$$0000000C  c_w.l(_printf_x.o)
    0x080001ac   0x080001ac   0x00000006   Code   RO         5044    .ARM.Collect$$_printf_percent$$0000000D  c_w.l(_printf_lli.o)
    0x080001b2   0x080001b2   0x00000006   Code   RO         5045    .ARM.Collect$$_printf_percent$$0000000E  c_w.l(_printf_lld.o)
    0x080001b8   0x080001b8   0x00000006   Code   RO         5046    .ARM.Collect$$_printf_percent$$0000000F  c_w.l(_printf_llu.o)
    0x080001be   0x080001be   0x00000006   Code   RO         5051    .ARM.Collect$$_printf_percent$$00000010  c_w.l(_printf_llo.o)
    0x080001c4   0x080001c4   0x00000006   Code   RO         5052    .ARM.Collect$$_printf_percent$$00000011  c_w.l(_printf_llx.o)
    0x080001ca   0x080001ca   0x0000000a   Code   RO         5048    .ARM.Collect$$_printf_percent$$00000012  c_w.l(_printf_l.o)
    0x080001d4   0x080001d4   0x00000006   Code   RO         5030    .ARM.Collect$$_printf_percent$$00000013  c_w.l(_printf_c.o)
    0x080001da   0x080001da   0x00000006   Code   RO         5031    .ARM.Collect$$_printf_percent$$00000014  c_w.l(_printf_s.o)
    0x080001e0   0x080001e0   0x00000006   Code   RO         5049    .ARM.Collect$$_printf_percent$$00000015  c_w.l(_printf_lc.o)
    0x080001e6   0x080001e6   0x00000006   Code   RO         5050    .ARM.Collect$$_printf_percent$$00000016  c_w.l(_printf_ls.o)
    0x080001ec   0x080001ec   0x00000004   Code   RO         5138    .ARM.Collect$$_printf_percent$$00000017  c_w.l(_printf_percent_end.o)
    0x080001f0   0x080001f0   0x00000002   Code   RO         5196    .ARM.Collect$$libinit$$00000000  c_w.l(libinit.o)
    0x080001f2   0x080001f2   0x00000000   Code   RO         5209    .ARM.Collect$$libinit$$00000002  c_w.l(libinit2.o)
    0x080001f2   0x080001f2   0x00000000   Code   RO         5211    .ARM.Collect$$libinit$$00000004  c_w.l(libinit2.o)
    0x080001f2   0x080001f2   0x00000000   Code   RO         5214    .ARM.Collect$$libinit$$0000000A  c_w.l(libinit2.o)
    0x080001f2   0x080001f2   0x00000000   Code   RO         5216    .ARM.Collect$$libinit$$0000000C  c_w.l(libinit2.o)
    0x080001f2   0x080001f2   0x00000000   Code   RO         5218    .ARM.Collect$$libinit$$0000000E  c_w.l(libinit2.o)
    0x080001f2   0x080001f2   0x00000006   Code   RO         5219    .ARM.Collect$$libinit$$0000000F  c_w.l(libinit2.o)
    0x080001f8   0x080001f8   0x00000000   Code   RO         5221    .ARM.Collect$$libinit$$00000011  c_w.l(libinit2.o)
    0x080001f8   0x080001f8   0x0000000c   Code   RO         5222    .ARM.Collect$$libinit$$00000012  c_w.l(libinit2.o)
    0x08000204   0x08000204   0x00000000   Code   RO         5223    .ARM.Collect$$libinit$$00000013  c_w.l(libinit2.o)
    0x08000204   0x08000204   0x00000000   Code   RO         5225    .ARM.Collect$$libinit$$00000015  c_w.l(libinit2.o)
    0x08000204   0x08000204   0x0000000a   Code   RO         5226    .ARM.Collect$$libinit$$00000016  c_w.l(libinit2.o)
    0x0800020e   0x0800020e   0x00000000   Code   RO         5227    .ARM.Collect$$libinit$$00000017  c_w.l(libinit2.o)
    0x0800020e   0x0800020e   0x00000000   Code   RO         5229    .ARM.Collect$$libinit$$00000019  c_w.l(libinit2.o)
    0x0800020e   0x0800020e   0x00000000   Code   RO         5231    .ARM.Collect$$libinit$$0000001B  c_w.l(libinit2.o)
    0x0800020e   0x0800020e   0x00000000   Code   RO         5233    .ARM.Collect$$libinit$$0000001D  c_w.l(libinit2.o)
    0x0800020e   0x0800020e   0x00000000   Code   RO         5235    .ARM.Collect$$libinit$$0000001F  c_w.l(libinit2.o)
    0x0800020e   0x0800020e   0x00000000   Code   RO         5237    .ARM.Collect$$libinit$$00000021  c_w.l(libinit2.o)
    0x0800020e   0x0800020e   0x00000000   Code   RO         5239    .ARM.Collect$$libinit$$00000023  c_w.l(libinit2.o)
    0x0800020e   0x0800020e   0x00000000   Code   RO         5241    .ARM.Collect$$libinit$$00000025  c_w.l(libinit2.o)
    0x0800020e   0x0800020e   0x00000000   Code   RO         5245    .ARM.Collect$$libinit$$0000002C  c_w.l(libinit2.o)
    0x0800020e   0x0800020e   0x00000000   Code   RO         5247    .ARM.Collect$$libinit$$0000002E  c_w.l(libinit2.o)
    0x0800020e   0x0800020e   0x00000000   Code   RO         5249    .ARM.Collect$$libinit$$00000030  c_w.l(libinit2.o)
    0x0800020e   0x0800020e   0x00000000   Code   RO         5251    .ARM.Collect$$libinit$$00000032  c_w.l(libinit2.o)
    0x0800020e   0x0800020e   0x00000002   Code   RO         5252    .ARM.Collect$$libinit$$00000033  c_w.l(libinit2.o)
    0x08000210   0x08000210   0x00000002   Code   RO         5276    .ARM.Collect$$libshutdown$$00000000  c_w.l(libshutdown.o)
    0x08000212   0x08000212   0x00000000   Code   RO         5289    .ARM.Collect$$libshutdown$$00000002  c_w.l(libshutdown2.o)
    0x08000212   0x08000212   0x00000000   Code   RO         5291    .ARM.Collect$$libshutdown$$00000004  c_w.l(libshutdown2.o)
    0x08000212   0x08000212   0x00000000   Code   RO         5294    .ARM.Collect$$libshutdown$$00000007  c_w.l(libshutdown2.o)
    0x08000212   0x08000212   0x00000000   Code   RO         5297    .ARM.Collect$$libshutdown$$0000000A  c_w.l(libshutdown2.o)
    0x08000212   0x08000212   0x00000000   Code   RO         5299    .ARM.Collect$$libshutdown$$0000000C  c_w.l(libshutdown2.o)
    0x08000212   0x08000212   0x00000000   Code   RO         5302    .ARM.Collect$$libshutdown$$0000000F  c_w.l(libshutdown2.o)
    0x08000212   0x08000212   0x00000002   Code   RO         5303    .ARM.Collect$$libshutdown$$00000010  c_w.l(libshutdown2.o)
    0x08000214   0x08000214   0x00000000   Code   RO         4959    .ARM.Collect$$rtentry$$00000000  c_w.l(__rtentry.o)
    0x08000214   0x08000214   0x00000000   Code   RO         5104    .ARM.Collect$$rtentry$$00000002  c_w.l(__rtentry2.o)
    0x08000214   0x08000214   0x00000006   Code   RO         5116    .ARM.Collect$$rtentry$$00000004  c_w.l(__rtentry4.o)
    0x0800021a   0x0800021a   0x00000000   Code   RO         5106    .ARM.Collect$$rtentry$$00000009  c_w.l(__rtentry2.o)
    0x0800021a   0x0800021a   0x00000004   Code   RO         5107    .ARM.Collect$$rtentry$$0000000A  c_w.l(__rtentry2.o)
    0x0800021e   0x0800021e   0x00000000   Code   RO         5109    .ARM.Collect$$rtentry$$0000000C  c_w.l(__rtentry2.o)
    0x0800021e   0x0800021e   0x00000008   Code   RO         5110    .ARM.Collect$$rtentry$$0000000D  c_w.l(__rtentry2.o)
    0x08000226   0x08000226   0x00000002   Code   RO         5201    .ARM.Collect$$rtexit$$00000000  c_w.l(rtexit.o)
    0x08000228   0x08000228   0x00000000   Code   RO         5256    .ARM.Collect$$rtexit$$00000002  c_w.l(rtexit2.o)
    0x08000228   0x08000228   0x00000004   Code   RO         5257    .ARM.Collect$$rtexit$$00000003  c_w.l(rtexit2.o)
    0x0800022c   0x0800022c   0x00000006   Code   RO         5258    .ARM.Collect$$rtexit$$00000004  c_w.l(rtexit2.o)
    0x08000232   0x08000232   0x00000002   PAD
    0x08000234   0x08000234   0x00000096   Code   RO         3374    .emb_text           port.o
    0x080002ca   0x080002ca   0x00000002   PAD
    0x080002cc   0x080002cc   0x00000040   Code   RO            4    .text               startup_stm32f10x_md.o
    0x0800030c   0x0800030c   0x00000024   Code   RO         4895    .text               c_w.l(vsprintf.o)
    0x08000330   0x08000330   0x0000008a   Code   RO         4897    .text               c_w.l(rt_memcpy_v6.o)
    0x080003ba   0x080003ba   0x00000006   Code   RO         4899    .text               c_w.l(heapauxi.o)
    0x080003c0   0x080003c0   0x0000004e   Code   RO         4964    .text               c_w.l(_printf_pad.o)
    0x0800040e   0x0800040e   0x00000024   Code   RO         4966    .text               c_w.l(_printf_truncate.o)
    0x08000432   0x08000432   0x00000052   Code   RO         4968    .text               c_w.l(_printf_str.o)
    0x08000484   0x08000484   0x00000078   Code   RO         4970    .text               c_w.l(_printf_dec.o)
    0x080004fc   0x080004fc   0x00000028   Code   RO         4972    .text               c_w.l(_printf_charcount.o)
    0x08000524   0x08000524   0x00000030   Code   RO         4974    .text               c_w.l(_printf_char_common.o)
    0x08000554   0x08000554   0x0000000a   Code   RO         4976    .text               c_w.l(_sputc.o)
    0x0800055e   0x0800055e   0x00000002   PAD
    0x08000560   0x08000560   0x000000bc   Code   RO         4978    .text               c_w.l(_printf_wctomb.o)
    0x0800061c   0x0800061c   0x0000007c   Code   RO         4981    .text               c_w.l(_printf_longlong_dec.o)
    0x08000698   0x08000698   0x00000070   Code   RO         4987    .text               c_w.l(_printf_oct_int_ll.o)
    0x08000708   0x08000708   0x00000094   Code   RO         5007    .text               c_w.l(_printf_hex_int_ll_ptr.o)
    0x0800079c   0x0800079c   0x00000188   Code   RO         5027    .text               c_w.l(__printf_flags_ss_wp.o)
    0x08000924   0x08000924   0x00000064   Code   RO         5053    .text               c_w.l(rt_memcpy_w.o)
    0x08000988   0x08000988   0x0000008a   Code   RO         5123    .text               c_w.l(lludiv10.o)
    0x08000a12   0x08000a12   0x000000b2   Code   RO         5125    .text               c_w.l(_printf_intcommon.o)
    0x08000ac4   0x08000ac4   0x0000041e   Code   RO         5127    .text               c_w.l(_printf_fp_dec.o)
    0x08000ee2   0x08000ee2   0x00000002   PAD
    0x08000ee4   0x08000ee4   0x000002fc   Code   RO         5129    .text               c_w.l(_printf_fp_hex.o)
    0x080011e0   0x080011e0   0x0000002c   Code   RO         5134    .text               c_w.l(_printf_char.o)
    0x0800120c   0x0800120c   0x0000002c   Code   RO         5136    .text               c_w.l(_printf_wchar.o)
    0x08001238   0x08001238   0x00000040   Code   RO         5139    .text               c_w.l(_wcrtomb.o)
    0x08001278   0x08001278   0x00000008   Code   RO         5147    .text               c_w.l(libspace.o)
    0x08001280   0x08001280   0x0000004a   Code   RO         5150    .text               c_w.l(sys_stackheap_outer.o)
    0x080012ca   0x080012ca   0x00000002   PAD
    0x080012cc   0x080012cc   0x00000010   Code   RO         5152    .text               c_w.l(rt_ctype_table.o)
    0x080012dc   0x080012dc   0x00000008   Code   RO         5157    .text               c_w.l(rt_locale_intlibspace.o)
    0x080012e4   0x080012e4   0x00000080   Code   RO         5159    .text               c_w.l(_printf_fp_infnan.o)
    0x08001364   0x08001364   0x000000e4   Code   RO         5161    .text               c_w.l(bigflt0.o)
    0x08001448   0x08001448   0x00000012   Code   RO         5189    .text               c_w.l(exit.o)
    0x0800145a   0x0800145a   0x00000002   PAD
    0x0800145c   0x0800145c   0x00000080   Code   RO         5206    .text               c_w.l(strcmpv7m.o)
    0x080014dc   0x080014dc   0x0000000c   Code   RO         5268    .text               c_w.l(sys_exit.o)
    0x080014e8   0x080014e8   0x00000002   Code   RO         5279    .text               c_w.l(use_no_semi.o)
    0x080014ea   0x080014ea   0x00000000   Code   RO         5281    .text               c_w.l(indicate_semi.o)
    0x080014ea   0x080014ea   0x0000003e   Code   RO         5164    CL$$btod_d2e        c_w.l(btod.o)
    0x08001528   0x08001528   0x00000046   Code   RO         5166    CL$$btod_d2e_denorm_low  c_w.l(btod.o)
    0x0800156e   0x0800156e   0x00000060   Code   RO         5165    CL$$btod_d2e_norm_op1  c_w.l(btod.o)
    0x080015ce   0x080015ce   0x00000338   Code   RO         5174    CL$$btod_div_common  c_w.l(btod.o)
    0x08001906   0x08001906   0x000000dc   Code   RO         5171    CL$$btod_e2e        c_w.l(btod.o)
    0x080019e2   0x080019e2   0x0000002a   Code   RO         5168    CL$$btod_ediv       c_w.l(btod.o)
    0x08001a0c   0x08001a0c   0x0000002a   Code   RO         5167    CL$$btod_emul       c_w.l(btod.o)
    0x08001a36   0x08001a36   0x00000244   Code   RO         5173    CL$$btod_mult_common  c_w.l(btod.o)
    0x08001c7a   0x08001c7a   0x00000016   Code   RO          202    i.ADC_Cmd           stm32f10x_adc.o
    0x08001c90   0x08001c90   0x00000016   Code   RO          203    i.ADC_DMACmd        stm32f10x_adc.o
    0x08001ca6   0x08001ca6   0x00000014   Code   RO          210    i.ADC_GetCalibrationStatus  stm32f10x_adc.o
    0x08001cba   0x08001cba   0x00000014   Code   RO          216    i.ADC_GetResetCalibrationStatus  stm32f10x_adc.o
    0x08001cce   0x08001cce   0x00000002   PAD
    0x08001cd0   0x08001cd0   0x00000050   Code   RO          220    i.ADC_Init          stm32f10x_adc.o
    0x08001d20   0x08001d20   0x000000b8   Code   RO          224    i.ADC_RegularChannelConfig  stm32f10x_adc.o
    0x08001dd8   0x08001dd8   0x0000000a   Code   RO          225    i.ADC_ResetCalibration  stm32f10x_adc.o
    0x08001de2   0x08001de2   0x00000016   Code   RO          227    i.ADC_SoftwareStartConvCmd  stm32f10x_adc.o
    0x08001df8   0x08001df8   0x0000000a   Code   RO          229    i.ADC_StartCalibration  stm32f10x_adc.o
    0x08001e02   0x08001e02   0x00000002   PAD
    0x08001e04   0x08001e04   0x00000128   Code   RO         4687    i.AD_Init           adc.o
    0x08001f2c   0x08001f2c   0x00000004   Code   RO         3323    i.BusFault_Handler  stm32f10x_it.o
    0x08001f30   0x08001f30   0x00000018   Code   RO          911    i.DMA_Cmd           stm32f10x_dma.o
    0x08001f48   0x08001f48   0x0000003c   Code   RO          917    i.DMA_Init          stm32f10x_dma.o
    0x08001f84   0x08001f84   0x00000002   Code   RO         3324    i.DebugMon_Handler  stm32f10x_it.o
    0x08001f86   0x08001f86   0x00000002   PAD
    0x08001f88   0x08001f88   0x00000060   Code   RO         4862    i.EXTI15_10_IRQHandler  exit.o
    0x08001fe8   0x08001fe8   0x0000000c   Code   RO          985    i.EXTI_ClearITPendingBit  stm32f10x_exti.o
    0x08001ff4   0x08001ff4   0x00000028   Code   RO          989    i.EXTI_GetITStatus  stm32f10x_exti.o
    0x0800201c   0x0800201c   0x00000094   Code   RO          990    i.EXTI_Init         stm32f10x_exti.o
    0x080020b0   0x080020b0   0x000000b0   Code   RO         4863    i.Exit_init         exit.o
    0x08002160   0x08002160   0x00000040   Code   RO         1344    i.GPIO_EXTILineConfig  stm32f10x_gpio.o
    0x080021a0   0x080021a0   0x00000116   Code   RO         1347    i.GPIO_Init         stm32f10x_gpio.o
    0x080022b6   0x080022b6   0x00000012   Code   RO         1351    i.GPIO_ReadInputDataBit  stm32f10x_gpio.o
    0x080022c8   0x080022c8   0x00000004   Code   RO         1354    i.GPIO_ResetBits    stm32f10x_gpio.o
    0x080022cc   0x080022cc   0x00000004   Code   RO         1355    i.GPIO_SetBits      stm32f10x_gpio.o
    0x080022d0   0x080022d0   0x0000000a   Code   RO         1358    i.GPIO_WriteBit     stm32f10x_gpio.o
    0x080022da   0x080022da   0x00000004   Code   RO         3325    i.HardFault_Handler  stm32f10x_it.o
    0x080022de   0x080022de   0x00000002   PAD
    0x080022e0   0x080022e0   0x000000b4   Code   RO         4364    i.LED_Init          led.o
    0x08002394   0x08002394   0x00000014   Code   RO         4365    i.LED_OFF           led.o
    0x080023a8   0x080023a8   0x00000014   Code   RO         4366    i.LED_ON            led.o
    0x080023bc   0x080023bc   0x0000002c   Code   RO         4368    i.LED_disable_Task  led.o
    0x080023e8   0x080023e8   0x00000060   Code   RO         4369    i.LED_open_Task     led.o
    0x08002448   0x08002448   0x0000000a   Code   RO         4370    i.LED_timer_callback  led.o
    0x08002452   0x08002452   0x00000004   Code   RO         3326    i.MemManage_Handler  stm32f10x_it.o
    0x08002456   0x08002456   0x00000002   PAD
    0x08002458   0x08002458   0x000000ac   Code   RO         4709    i.Motor_Init        motor.o
    0x08002504   0x08002504   0x00000040   Code   RO         4710    i.Motor_SetSpeed    motor.o
    0x08002544   0x08002544   0x0000002c   Code   RO         4711    i.Motor_disable_Task  motor.o
    0x08002570   0x08002570   0x0000007c   Code   RO         4712    i.Motor_open_Task   motor.o
    0x080025ec   0x080025ec   0x0000000c   Code   RO         4713    i.Motor_timer_callback  motor.o
    0x080025f8   0x080025f8   0x00000002   Code   RO         3327    i.NMI_Handler       stm32f10x_it.o
    0x080025fa   0x080025fa   0x00000002   PAD
    0x080025fc   0x080025fc   0x00000070   Code   RO          137    i.NVIC_Init         misc.o
    0x0800266c   0x0800266c   0x00000014   Code   RO          138    i.NVIC_PriorityGroupConfig  misc.o
    0x08002680   0x08002680   0x00000028   Code   RO         4433    i.OLED_Clear        oled.o
    0x080026a8   0x080026a8   0x00000090   Code   RO         4434    i.OLED_ClearArea    oled.o
    0x08002738   0x08002738   0x00000176   Code   RO         4438    i.OLED_DrawLine     oled.o
    0x080028ae   0x080028ae   0x00000002   PAD
    0x080028b0   0x080028b0   0x00000050   Code   RO         4439    i.OLED_DrawPoint    oled.o
    0x08002900   0x08002900   0x00000060   Code   RO         4442    i.OLED_GPIO_Init    oled.o
    0x08002960   0x08002960   0x0000003e   Code   RO         4444    i.OLED_I2C_SendByte  oled.o
    0x0800299e   0x0800299e   0x0000001c   Code   RO         4445    i.OLED_I2C_Start    oled.o
    0x080029ba   0x080029ba   0x00000016   Code   RO         4446    i.OLED_I2C_Stop     oled.o
    0x080029d0   0x080029d0   0x0000009a   Code   RO         4447    i.OLED_Init         oled.o
    0x08002a6a   0x08002a6a   0x00000014   Code   RO         4449    i.OLED_Pow          oled.o
    0x08002a7e   0x08002a7e   0x00000022   Code   RO         4453    i.OLED_SetCursor    oled.o
    0x08002aa0   0x08002aa0   0x00000054   Code   RO         4455    i.OLED_ShowChar     oled.o
    0x08002af4   0x08002af4   0x000000fc   Code   RO         4459    i.OLED_ShowImage    oled.o
    0x08002bf0   0x08002bf0   0x0000004c   Code   RO         4460    i.OLED_ShowNum      oled.o
    0x08002c3c   0x08002c3c   0x0000002e   Code   RO         4462    i.OLED_ShowString   oled.o
    0x08002c6a   0x08002c6a   0x00000002   PAD
    0x08002c6c   0x08002c6c   0x00000028   Code   RO         4463    i.OLED_Update       oled.o
    0x08002c94   0x08002c94   0x00000018   Code   RO         4465    i.OLED_W_SCL        oled.o
    0x08002cac   0x08002cac   0x00000018   Code   RO         4466    i.OLED_W_SDA        oled.o
    0x08002cc4   0x08002cc4   0x00000020   Code   RO         4467    i.OLED_WriteCommand  oled.o
    0x08002ce4   0x08002ce4   0x0000002e   Code   RO         4468    i.OLED_WriteData    oled.o
    0x08002d12   0x08002d12   0x00000002   PAD
    0x08002d14   0x08002d14   0x00000034   Code   RO         4760    i.OLED_show_init    oled_show.o
    0x08002d48   0x08002d48   0x00000094   Code   RO         4714    i.PWM_Init          motor.o
    0x08002ddc   0x08002ddc   0x00000010   Code   RO         4715    i.PWM_SetCompare    motor.o
    0x08002dec   0x08002dec   0x00000018   Code   RO         1773    i.RCC_ADCCLKConfig  stm32f10x_rcc.o
    0x08002e04   0x08002e04   0x00000020   Code   RO         1774    i.RCC_AHBPeriphClockCmd  stm32f10x_rcc.o
    0x08002e24   0x08002e24   0x00000020   Code   RO         1775    i.RCC_APB1PeriphClockCmd  stm32f10x_rcc.o
    0x08002e44   0x08002e44   0x00000020   Code   RO         1777    i.RCC_APB2PeriphClockCmd  stm32f10x_rcc.o
    0x08002e64   0x08002e64   0x000000d4   Code   RO         1785    i.RCC_GetClocksFreq  stm32f10x_rcc.o
    0x08002f38   0x08002f38   0x00000044   Code   RO         4780    i.Sensor_Init       sensor.o
    0x08002f7c   0x08002f7c   0x000000d8   Code   RO         4781    i.Sensor_Task       sensor.o
    0x08003054   0x08003054   0x000000dc   Code   RO         4236    i.Serial_Init       serial.o
    0x08003130   0x08003130   0x00000014   Code   RO         4237    i.Serial_Pow        serial.o
    0x08003144   0x08003144   0x00000024   Code   RO         4238    i.Serial_Printf     serial.o
    0x08003168   0x08003168   0x00000020   Code   RO         4240    i.Serial_SendByte   serial.o
    0x08003188   0x08003188   0x0000003a   Code   RO         4241    i.Serial_SendNumber  serial.o
    0x080031c2   0x080031c2   0x0000001a   Code   RO         4242    i.Serial_SendString  serial.o
    0x080031dc   0x080031dc   0x000000a0   Code   RO         4243    i.Serial_Task       serial.o
    0x0800327c   0x0800327c   0x00000008   Code   RO           24    i.SetSysClock       system_stm32f10x.o
    0x08003284   0x08003284   0x000000e0   Code   RO           25    i.SetSysClockTo72   system_stm32f10x.o
    0x08003364   0x08003364   0x00000034   Code   RO         3375    i.SysTick_Handler   port.o
    0x08003398   0x08003398   0x00000060   Code   RO           27    i.SystemInit        system_stm32f10x.o
    0x080033f8   0x080033f8   0x00000018   Code   RO         2421    i.TIM_Cmd           stm32f10x_tim.o
    0x08003410   0x08003410   0x0000000c   Code   RO         2448    i.TIM_InternalClockConfig  stm32f10x_tim.o
    0x0800341c   0x0800341c   0x0000007c   Code   RO         2465    i.TIM_OC4Init       stm32f10x_tim.o
    0x08003498   0x08003498   0x00000014   Code   RO         2468    i.TIM_OCStructInit  stm32f10x_tim.o
    0x080034ac   0x080034ac   0x00000006   Code   RO         2485    i.TIM_SetCompare4   stm32f10x_tim.o
    0x080034b2   0x080034b2   0x00000002   PAD
    0x080034b4   0x080034b4   0x000000a4   Code   RO         2492    i.TIM_TimeBaseInit  stm32f10x_tim.o
    0x08003558   0x08003558   0x00000038   Code   RO         4244    i.USART1_IRQHandler  serial.o
    0x08003590   0x08003590   0x0000001e   Code   RO         2957    i.USART_ClearITPendingBit  stm32f10x_usart.o
    0x080035ae   0x080035ae   0x00000018   Code   RO         2960    i.USART_Cmd         stm32f10x_usart.o
    0x080035c6   0x080035c6   0x0000001a   Code   RO         2963    i.USART_GetFlagStatus  stm32f10x_usart.o
    0x080035e0   0x080035e0   0x00000054   Code   RO         2964    i.USART_GetITStatus  stm32f10x_usart.o
    0x08003634   0x08003634   0x0000004a   Code   RO         2966    i.USART_ITConfig    stm32f10x_usart.o
    0x0800367e   0x0800367e   0x00000002   PAD
    0x08003680   0x08003680   0x000000d8   Code   RO         2967    i.USART_Init        stm32f10x_usart.o
    0x08003758   0x08003758   0x0000000a   Code   RO         2974    i.USART_ReceiveData  stm32f10x_usart.o
    0x08003762   0x08003762   0x00000008   Code   RO         2977    i.USART_SendData    stm32f10x_usart.o
    0x0800376a   0x0800376a   0x00000004   Code   RO         3328    i.UsageFault_Handler  stm32f10x_it.o
    0x0800376e   0x0800376e   0x00000028   Code   RO         5143    i.__ARM_fpclassify  m_ws.l(fpclassify.o)
    0x08003796   0x08003796   0x0000000e   Code   RO         5020    i._is_digit         c_w.l(__printf_wp.o)
    0x080037a4   0x080037a4   0x0000001c   Code   RO         4805    i.beep_alarm        beep.o
    0x080037c0   0x080037c0   0x0000004c   Code   RO         4806    i.beep_alarm_task   beep.o
    0x0800380c   0x0800380c   0x0000002c   Code   RO         4807    i.beep_disable_task  beep.o
    0x08003838   0x08003838   0x000000c4   Code   RO         4808    i.beep_init         beep.o
    0x080038fc   0x080038fc   0x00000014   Code   RO         4809    i.beep_off          beep.o
    0x08003910   0x08003910   0x00000014   Code   RO         4810    i.beep_on           beep.o
    0x08003924   0x08003924   0x00000044   Code   RO         4811    i.beep_open_task    beep.o
    0x08003968   0x08003968   0x0000002a   Code   RO         3220    i.main              main.o
    0x08003992   0x08003992   0x00000002   PAD
    0x08003994   0x08003994   0x00000098   Code   RO         3797    i.prvAddCurrentTaskToDelayedList  tasks.o
    0x08003a2c   0x08003a2c   0x000000b4   Code   RO         3798    i.prvAddNewTaskToReadyList  tasks.o
    0x08003ae0   0x08003ae0   0x00000064   Code   RO         4116    i.prvCheckForValidListAndQueue  timers.o
    0x08003b44   0x08003b44   0x00000064   Code   RO         3799    i.prvCheckTasksWaitingTermination  tasks.o
    0x08003ba8   0x08003ba8   0x0000002a   Code   RO         3635    i.prvCopyDataFromQueue  queue.o
    0x08003bd2   0x08003bd2   0x0000007c   Code   RO         3636    i.prvCopyDataToQueue  queue.o
    0x08003c4e   0x08003c4e   0x00000012   Code   RO         3800    i.prvDeleteTCB      tasks.o
    0x08003c60   0x08003c60   0x00000028   Code   RO         4117    i.prvGetNextExpireTime  timers.o
    0x08003c88   0x08003c88   0x0000007c   Code   RO         3451    i.prvHeapInit       heap_4.o
    0x08003d04   0x08003d04   0x00000028   Code   RO         3801    i.prvIdleTask       tasks.o
    0x08003d2c   0x08003d2c   0x0000001c   Code   RO         3637    i.prvInitialiseMutex  queue.o
    0x08003d48   0x08003d48   0x00000026   Code   RO         3638    i.prvInitialiseNewQueue  queue.o
    0x08003d6e   0x08003d6e   0x00000002   PAD
    0x08003d70   0x08003d70   0x000000c8   Code   RO         3802    i.prvInitialiseNewTask  tasks.o
    0x08003e38   0x08003e38   0x0000006c   Code   RO         4118    i.prvInitialiseNewTimer  timers.o
    0x08003ea4   0x08003ea4   0x00000068   Code   RO         3803    i.prvInitialiseTaskLists  tasks.o
    0x08003f0c   0x08003f0c   0x00000068   Code   RO         3452    i.prvInsertBlockIntoFreeList  heap_4.o
    0x08003f74   0x08003f74   0x00000058   Code   RO         4119    i.prvInsertTimerInActiveList  timers.o
    0x08003fcc   0x08003fcc   0x0000001a   Code   RO         3639    i.prvIsQueueEmpty   queue.o
    0x08003fe6   0x08003fe6   0x0000001e   Code   RO         3640    i.prvIsQueueFull    queue.o
    0x08004004   0x08004004   0x00000080   Code   RO         4120    i.prvProcessExpiredTimer  timers.o
    0x08004084   0x08004084   0x0000010c   Code   RO         4121    i.prvProcessReceivedCommands  timers.o
    0x08004190   0x08004190   0x00000074   Code   RO         4122    i.prvProcessTimerOrBlockTask  timers.o
    0x08004204   0x08004204   0x00000034   Code   RO         3804    i.prvResetNextTaskUnblockTime  tasks.o
    0x08004238   0x08004238   0x0000002c   Code   RO         4123    i.prvSampleTimeNow  timers.o
    0x08004264   0x08004264   0x000000bc   Code   RO         4124    i.prvSwitchTimerLists  timers.o
    0x08004320   0x08004320   0x00000068   Code   RO         3376    i.prvTaskExitError  port.o
    0x08004388   0x08004388   0x0000001e   Code   RO         3518    i.prvTestWaitCondition  event_groups.o
    0x080043a6   0x080043a6   0x0000001a   Code   RO         4125    i.prvTimerTask      timers.o
    0x080043c0   0x080043c0   0x0000007e   Code   RO         3641    i.prvUnlockQueue    queue.o
    0x0800443e   0x0800443e   0x00000002   PAD
    0x08004440   0x08004440   0x0000014c   Code   RO         3453    i.pvPortMalloc      heap_4.o
    0x0800458c   0x0800458c   0x00000020   Code   RO         3806    i.pvTaskIncrementMutexHeldCount  tasks.o
    0x080045ac   0x080045ac   0x00000024   Code   RO         3377    i.pxPortInitialiseStack  port.o
    0x080045d0   0x080045d0   0x00000108   Code   RO         4761    i.sensor_show_task  oled_show.o
    0x080046d8   0x080046d8   0x000000c8   Code   RO         4864    i.timer_callback    exit.o
    0x080047a0   0x080047a0   0x00000028   Code   RO         3598    i.uxListRemove      list.o
    0x080047c8   0x080047c8   0x0000001c   Code   RO         3811    i.uxTaskResetEventItemValue  tasks.o
    0x080047e4   0x080047e4   0x0000001a   Code   RO         3599    i.vListInitialise   list.o
    0x080047fe   0x080047fe   0x00000006   Code   RO         3600    i.vListInitialiseItem  list.o
    0x08004804   0x08004804   0x00000034   Code   RO         3601    i.vListInsert       list.o
    0x08004838   0x08004838   0x00000018   Code   RO         3602    i.vListInsertEnd    list.o
    0x08004850   0x08004850   0x00000080   Code   RO         3379    i.vPortEnterCritical  port.o
    0x080048d0   0x080048d0   0x00000068   Code   RO         3380    i.vPortExitCritical  port.o
    0x08004938   0x08004938   0x000000b0   Code   RO         3454    i.vPortFree         heap_4.o
    0x080049e8   0x080049e8   0x00000020   Code   RO         3381    i.vPortSetupTimerInterrupt  port.o
    0x08004a08   0x08004a08   0x00000098   Code   RO         3382    i.vPortValidateInterruptPriority  port.o
    0x08004aa0   0x08004aa0   0x0000002c   Code   RO         3645    i.vQueueAddToRegistry  queue.o
    0x08004acc   0x08004acc   0x0000004a   Code   RO         3648    i.vQueueWaitForMessageRestricted  queue.o
    0x08004b16   0x08004b16   0x00000002   PAD
    0x08004b18   0x08004b18   0x00000078   Code   RO         3812    i.vTaskDelay        tasks.o
    0x08004b90   0x08004b90   0x0000000c   Code   RO         3816    i.vTaskMissedYield  tasks.o
    0x08004b9c   0x08004b9c   0x00000058   Code   RO         3818    i.vTaskPlaceOnEventList  tasks.o
    0x08004bf4   0x08004bf4   0x00000060   Code   RO         3819    i.vTaskPlaceOnEventListRestricted  tasks.o
    0x08004c54   0x08004c54   0x00000080   Code   RO         3820    i.vTaskPlaceOnUnorderedEventList  tasks.o
    0x08004cd4   0x08004cd4   0x000000b0   Code   RO         3821    i.vTaskPriorityInherit  tasks.o
    0x08004d84   0x08004d84   0x00000050   Code   RO         3824    i.vTaskSetTimeOutState  tasks.o
    0x08004dd4   0x08004dd4   0x000000b0   Code   RO         3825    i.vTaskStartScheduler  tasks.o
    0x08004e84   0x08004e84   0x00000010   Code   RO         3827    i.vTaskSuspendAll   tasks.o
    0x08004e94   0x08004e94   0x000000ac   Code   RO         3828    i.vTaskSwitchContext  tasks.o
    0x08004f40   0x08004f40   0x00000074   Code   RO         3522    i.xEventGroupClearBits  event_groups.o
    0x08004fb4   0x08004fb4   0x0000001a   Code   RO         3523    i.xEventGroupCreate  event_groups.o
    0x08004fce   0x08004fce   0x00000002   PAD
    0x08004fd0   0x08004fd0   0x000000e8   Code   RO         3525    i.xEventGroupSetBits  event_groups.o
    0x080050b8   0x080050b8   0x00000158   Code   RO         3527    i.xEventGroupWaitBits  event_groups.o
    0x08005210   0x08005210   0x000000a0   Code   RO         3383    i.xPortStartScheduler  port.o
    0x080052b0   0x080052b0   0x00000022   Code   RO         3649    i.xQueueCreateMutex  queue.o
    0x080052d2   0x080052d2   0x00000002   PAD
    0x080052d4   0x080052d4   0x00000078   Code   RO         3650    i.xQueueGenericCreate  queue.o
    0x0800534c   0x0800534c   0x000001cc   Code   RO         3651    i.xQueueGenericReceive  queue.o
    0x08005518   0x08005518   0x000000b4   Code   RO         3652    i.xQueueGenericReset  queue.o
    0x080055cc   0x080055cc   0x000001a8   Code   RO         3653    i.xQueueGenericSend  queue.o
    0x08005774   0x08005774   0x00000104   Code   RO         3654    i.xQueueGenericSendFromISR  queue.o
    0x08005878   0x08005878   0x000000a4   Code   RO         3829    i.xTaskCheckForTimeOut  tasks.o
    0x0800591c   0x0800591c   0x00000060   Code   RO         3830    i.xTaskCreate       tasks.o
    0x0800597c   0x0800597c   0x00000020   Code   RO         3834    i.xTaskGetSchedulerState  tasks.o
    0x0800599c   0x0800599c   0x0000000c   Code   RO         3835    i.xTaskGetTickCount  tasks.o
    0x080059a8   0x080059a8   0x00000014   Code   RO         3836    i.xTaskGetTickCountFromISR  tasks.o
    0x080059bc   0x080059bc   0x00000164   Code   RO         3837    i.xTaskIncrementTick  tasks.o
    0x08005b20   0x08005b20   0x000000dc   Code   RO         3840    i.xTaskPriorityDisinherit  tasks.o
    0x08005bfc   0x08005bfc   0x000000b8   Code   RO         3841    i.xTaskRemoveFromEventList  tasks.o
    0x08005cb4   0x08005cb4   0x000000c4   Code   RO         3842    i.xTaskRemoveFromUnorderedEventList  tasks.o
    0x08005d78   0x08005d78   0x00000124   Code   RO         3843    i.xTaskResumeAll    tasks.o
    0x08005e9c   0x08005e9c   0x00000030   Code   RO         4128    i.xTimerCreate      timers.o
    0x08005ecc   0x08005ecc   0x00000074   Code   RO         4129    i.xTimerCreateTimerTask  timers.o
    0x08005f40   0x08005f40   0x000000a0   Code   RO         4130    i.xTimerGenericCommand  timers.o
    0x08005fe0   0x08005fe0   0x0000002c   Code   RO         5187    locale$$code        c_w.l(lc_numeric_c.o)
    0x0800600c   0x0800600c   0x0000002c   Code   RO         5204    locale$$code        c_w.l(lc_ctype_c.o)
    0x08006038   0x08006038   0x00000004   Code   RO         5069    x$fpl$printf1       fz_ws.l(printf1.o)
    0x0800603c   0x0800603c   0x00000004   Code   RO         5071    x$fpl$printf2       fz_ws.l(printf2.o)
    0x08006040   0x08006040   0x00000000   Code   RO         5077    x$fpl$usenofp       fz_ws.l(usenofp.o)
    0x08006040   0x08006040   0x0000084a   Data   RO         4675    .constdata          oled_data.o
    0x0800688a   0x0800688a   0x00000002   PAD
    0x0800688c   0x0800688c   0x00000008   Data   RO         4979    .constdata          c_w.l(_printf_wctomb.o)
    0x08006894   0x08006894   0x00000028   Data   RO         5008    .constdata          c_w.l(_printf_hex_int_ll_ptr.o)
    0x080068bc   0x080068bc   0x00000011   Data   RO         5028    .constdata          c_w.l(__printf_flags_ss_wp.o)
    0x080068cd   0x080068cd   0x00000026   Data   RO         5130    .constdata          c_w.l(_printf_fp_hex.o)
    0x080068f3   0x080068f3   0x00000001   PAD
    0x080068f4   0x080068f4   0x00000094   Data   RO         5162    .constdata          c_w.l(bigflt0.o)
    0x08006988   0x08006988   0x00000020   Data   RO         5334    Region$$Table       anon$$obj.o
    0x080069a8   0x080069a8   0x0000001c   Data   RO         5186    locale$$data        c_w.l(lc_numeric_c.o)
    0x080069c4   0x080069c4   0x00000110   Data   RO         5203    locale$$data        c_w.l(lc_ctype_c.o)


    Execution Region RW_IRAM1 (Exec base: 0x20000000, Load base: 0x08006ad4, Size: 0x00004ea0, Max: 0x00005000, ABSOLUTE)

    Exec Addr    Load Addr    Size         Type   Attr      Idx    E Section Name        Object

    0x20000000   0x08006ad4   0x00000014   Data   RW           28    .data               system_stm32f10x.o
    0x20000014   0x08006ae8   0x00000014   Data   RW         1805    .data               stm32f10x_rcc.o
    0x20000028   0x08006afc   0x0000000c   Data   RW         3384    .data               port.o
    0x20000034   0x08006b08   0x00000018   Data   RW         3459    .data               heap_4.o
    0x2000004c   0x08006b20   0x0000003c   Data   RW         3846    .data               tasks.o
    0x20000088   0x08006b5c   0x00000014   Data   RW         4136    .data               timers.o
    0x2000009c   0x08006b70   0x00000008   Data   RW         4246    .data               serial.o
    0x200000a4   0x08006b78   0x00000004   Data   RW         4371    .data               led.o
    0x200000a8   0x08006b7c   0x0000000c   Data   RW         4688    .data               adc.o
    0x200000b4   0x08006b88   0x00000004   Data   RW         4716    .data               motor.o
    0x200000b8   0x08006b8c   0x00000006   Data   RW         4762    .data               oled_show.o
    0x200000be   0x08006b92   0x00000002   PAD
    0x200000c0   0x08006b94   0x00000008   Data   RW         4782    .data               sensor.o
    0x200000c8   0x08006b9c   0x00000005   Data   RW         4813    .data               beep.o
    0x200000cd   0x08006ba1   0x00000003   PAD
    0x200000d0   0x08006ba4   0x00000010   Data   RW         4865    .data               exit.o
    0x200000e0        -       0x00004000   Zero   RW         3458    .bss                heap_4.o
    0x200040e0        -       0x00000050   Zero   RW         3660    .bss                queue.o
    0x20004130        -       0x000002e4   Zero   RW         3845    .bss                tasks.o
    0x20004414        -       0x00000028   Zero   RW         4135    .bss                timers.o
    0x2000443c        -       0x00000400   Zero   RW         4470    .bss                oled.o
    0x2000483c        -       0x00000060   Zero   RW         5148    .bss                c_w.l(libspace.o)
    0x2000489c   0x08006bb4   0x00000004   PAD
    0x200048a0        -       0x00000200   Zero   RW            2    HEAP                startup_stm32f10x_md.o
    0x20004aa0        -       0x00000400   Zero   RW            1    STACK               startup_stm32f10x_md.o


==============================================================================

Image component sizes


      Code (inc. data)   RO Data    RW Data    ZI Data      Debug   Object Name

       296         22          0         12          0       1192   adc.o
       452        116          0          5          0       3404   beep.o
         0          0          0          0          0       4508   core_cm3.o
       748        140          0          0          0      13430   event_groups.o
       472        126          0         16          0       1950   exit.o
       736        160          0         24      16384       5107   heap_4.o
       370        102          0          4          0       2914   led.o
       148          0          0          0          0       2918   list.o
        42          0          0          0          0      17863   main.o
       132         22          0          0          0     215807   misc.o
       580        116          0          4          0       3742   motor.o
      1678         46          0          0       1024      12622   oled.o
         0          0       2122          0          0        585   oled_data.o
       316         62          0          6          0       1436   oled_show.o
       918        288          0         12          0       9825   port.o
      2010        222          0          0         80      12773   queue.o
       284         44          0          8          0       1389   sensor.o
       608         96          0          8          0       5377   serial.o
        64         26        236          0       1536        804   startup_stm32f10x_md.o
       390         10          0          0          0      17521   stm32f10x_adc.o
        84          0          0          0          0      12389   stm32f10x_dma.o
       200         18          0          0          0       4016   stm32f10x_exti.o
       378          4          0          0          0      12798   stm32f10x_gpio.o
        20          0          0          0          0       2417   stm32f10x_it.o
       332         44          0         20          0      13897   stm32f10x_rcc.o
       350         52          0          0          0      23942   stm32f10x_tim.o
       472          6          0          0          0      12335   stm32f10x_usart.o
       328         28          0         20          0      55157   system_stm32f10x.o
      3542        968          0         60        740      29513   tasks.o
      1430        350          0         20         40       9606   timers.o

    ----------------------------------------------------------------------
     17416       3068       2392        224      19804     511237   Object Totals
         0          0         32          0          0          0   (incl. Generated)
        36          0          2          5          0          0   (incl. Padding)

    ----------------------------------------------------------------------

      Code (inc. data)   RO Data    RW Data    ZI Data      Debug   Library Member Name

         8          0          0          0          0         68   __main.o
       392          4         17          0          0         92   __printf_flags_ss_wp.o
        14          0          0          0          0         68   __printf_wp.o
         0          0          0          0          0          0   __rtentry.o
        12          0          0          0          0          0   __rtentry2.o
         6          0          0          0          0          0   __rtentry4.o
        52          8          0          0          0          0   __scatter.o
        26          0          0          0          0          0   __scatter_copy.o
        28          0          0          0          0          0   __scatter_zi.o
         6          0          0          0          0          0   _printf_a.o
         6          0          0          0          0          0   _printf_c.o
        44          0          0          0          0        108   _printf_char.o
        48          6          0          0          0         96   _printf_char_common.o
        40          0          0          0          0         68   _printf_charcount.o
         6          0          0          0          0          0   _printf_d.o
       120         16          0          0          0         92   _printf_dec.o
         6          0          0          0          0          0   _printf_e.o
         6          0          0          0          0          0   _printf_f.o
      1054          0          0          0          0        216   _printf_fp_dec.o
       764          8         38          0          0        100   _printf_fp_hex.o
       128         16          0          0          0         84   _printf_fp_infnan.o
         6          0          0          0          0          0   _printf_g.o
       148          4         40          0          0        160   _printf_hex_int_ll_ptr.o
         6          0          0          0          0          0   _printf_i.o
       178          0          0          0          0         88   _printf_intcommon.o
        10          0          0          0          0          0   _printf_l.o
         6          0          0          0          0          0   _printf_lc.o
        10          0          0          0          0          0   _printf_ll.o
         6          0          0          0          0          0   _printf_lld.o
         6          0          0          0          0          0   _printf_lli.o
         6          0          0          0          0          0   _printf_llo.o
         6          0          0          0          0          0   _printf_llu.o
         6          0          0          0          0          0   _printf_llx.o
       124         16          0          0          0         92   _printf_longlong_dec.o
         6          0          0          0          0          0   _printf_ls.o
         6          0          0          0          0          0   _printf_n.o
         6          0          0          0          0          0   _printf_o.o
       112         10          0          0          0        124   _printf_oct_int_ll.o
         6          0          0          0          0          0   _printf_p.o
        78          0          0          0          0        108   _printf_pad.o
         0          0          0          0          0          0   _printf_percent.o
         4          0          0          0          0          0   _printf_percent_end.o
         6          0          0          0          0          0   _printf_s.o
        82          0          0          0          0         80   _printf_str.o
        36          0          0          0          0         84   _printf_truncate.o
         6          0          0          0          0          0   _printf_u.o
        44          0          0          0          0        108   _printf_wchar.o
       188          6          8          0          0         92   _printf_wctomb.o
         6          0          0          0          0          0   _printf_x.o
        10          0          0          0          0         68   _sputc.o
        64          0          0          0          0         92   _wcrtomb.o
       228          4        148          0          0         96   bigflt0.o
      1936        128          0          0          0        672   btod.o
        18          0          0          0          0         80   exit.o
         6          0          0          0          0        152   heapauxi.o
         0          0          0          0          0          0   indicate_semi.o
        44         10        272          0          0         76   lc_ctype_c.o
        44         10         28          0          0         76   lc_numeric_c.o
         2          0          0          0          0          0   libinit.o
        30          0          0          0          0          0   libinit2.o
         2          0          0          0          0          0   libshutdown.o
         2          0          0          0          0          0   libshutdown2.o
         8          4          0          0         96         68   libspace.o
       138          0          0          0          0         80   lludiv10.o
        16          4          0          0          0         76   rt_ctype_table.o
         8          4          0          0          0         68   rt_locale_intlibspace.o
       138          0          0          0          0         68   rt_memcpy_v6.o
       100          0          0          0          0         80   rt_memcpy_w.o
         2          0          0          0          0          0   rtexit.o
        10          0          0          0          0          0   rtexit2.o
       128          0          0          0          0         68   strcmpv7m.o
        12          4          0          0          0         68   sys_exit.o
        74          0          0          0          0         80   sys_stackheap_outer.o
         2          0          0          0          0         68   use_no_semi.o
        36          4          0          0          0         76   vsprintf.o
         4          0          0          0          0         68   printf1.o
         4          0          0          0          0         68   printf2.o
         0          0          0          0          0          0   usenofp.o
        40          0          0          0          0         68   fpclassify.o

    ----------------------------------------------------------------------
      6988        266        552          0        100       4244   Library Totals
        12          0          1          0          4          0   (incl. Padding)

    ----------------------------------------------------------------------

      Code (inc. data)   RO Data    RW Data    ZI Data      Debug   Library Name

      6928        266        551          0         96       4040   c_w.l
         8          0          0          0          0        136   fz_ws.l
        40          0          0          0          0         68   m_ws.l

    ----------------------------------------------------------------------
      6988        266        552          0        100       4244   Library Totals

    ----------------------------------------------------------------------

==============================================================================


      Code (inc. data)   RO Data    RW Data    ZI Data      Debug   

     24404       3334       2944        224      19904     503569   Grand Totals
     24404       3334       2944        224      19904     503569   ELF Image Totals
     24404       3334       2944        224          0          0   ROM Totals

==============================================================================

    Total RO  Size (Code + RO Data)                27348 (  26.71kB)
    Total RW  Size (RW Data + ZI Data)             20128 (  19.66kB)
    Total ROM Size (Code + RO Data + RW Data)      27572 (  26.93kB)

==============================================================================

